Archive member included to satisfy reference by file (symbol)

/home/donald/Documents/MCUXpresso_10.0.0_344/workspace/lpc_board_lpc812max/Debug/liblpc_board_lpc812max.a(board.o)
                              ./src/i2c.o (Board_LED_Set)
/home/donald/Documents/MCUXpresso_10.0.0_344/workspace/lpc_board_lpc812max/Debug/liblpc_board_lpc812max.a(board_sysinit.o)
                              ./src/sysinit.o (Board_SystemInit)
/home/donald/Documents/MCUXpresso_10.0.0_344/workspace/lpc_chip_8xx/Debug/liblpc_chip_8xx.a(chip_8xx.o)
                              ./src/SleepyZzz.o (SystemCoreClock)
/home/donald/Documents/MCUXpresso_10.0.0_344/workspace/lpc_chip_8xx/Debug/liblpc_chip_8xx.a(clock_8xx.o)
                              /home/donald/Documents/MCUXpresso_10.0.0_344/workspace/lpc_board_lpc812max/Debug/liblpc_board_lpc812max.a(board_sysinit.o) (Chip_Clock_SetCLKOUTSource)
/home/donald/Documents/MCUXpresso_10.0.0_344/workspace/lpc_chip_8xx/Debug/liblpc_chip_8xx.a(gpio_8xx.o)
                              /home/donald/Documents/MCUXpresso_10.0.0_344/workspace/lpc_board_lpc812max/Debug/liblpc_board_lpc812max.a(board.o) (Chip_GPIO_Init)
/home/donald/Documents/MCUXpresso_10.0.0_344/workspace/lpc_chip_8xx/Debug/liblpc_chip_8xx.a(i2c_common_8xx.o)
                              ./src/i2c.o (Chip_I2C_Init)
/home/donald/Documents/MCUXpresso_10.0.0_344/workspace/lpc_chip_8xx/Debug/liblpc_chip_8xx.a(i2cm_8xx.o)
                              ./src/i2c.o (Chip_I2CM_SetBusSpeed)
/home/donald/Documents/MCUXpresso_10.0.0_344/workspace/lpc_chip_8xx/Debug/liblpc_chip_8xx.a(iocon_8xx.o)
                              ./src/i2c.o (Chip_IOCON_PinSetI2CMode)
/home/donald/Documents/MCUXpresso_10.0.0_344/workspace/lpc_chip_8xx/Debug/liblpc_chip_8xx.a(swm_8xx.o)
                              ./src/i2c.o (Chip_SWM_MovablePinAssign)
/home/donald/Documents/MCUXpresso_10.0.0_344/workspace/lpc_chip_8xx/Debug/liblpc_chip_8xx.a(sysinit_8xx.o)
                              /home/donald/Documents/MCUXpresso_10.0.0_344/workspace/lpc_board_lpc812max/Debug/liblpc_board_lpc812max.a(board_sysinit.o) (Chip_SetupIrcClocking)
/home/donald/Documents/MCUXpresso_10.0.0_344/workspace/lpc_chip_8xx/Debug/liblpc_chip_8xx.a(uart_8xx.o)
                              /home/donald/Documents/MCUXpresso_10.0.0_344/workspace/lpc_board_lpc812max/Debug/liblpc_board_lpc812max.a(board.o) (Chip_UART_Init)
/home/donald/Documents/MCUXpresso_10.0.0_344/workspace/lpc_chip_8xx/Debug/liblpc_chip_8xx.a(irc_8xx.o)
                              /home/donald/Documents/MCUXpresso_10.0.0_344/workspace/lpc_chip_8xx/Debug/liblpc_chip_8xx.a(sysinit_8xx.o) (Chip_IRC_SetFreq)
/home/donald/Documents/MCUXpresso_10.0.0_344/workspace/lpc_chip_8xx/Debug/liblpc_chip_8xx.a(ring_buffer.o)
                              /home/donald/Documents/MCUXpresso_10.0.0_344/workspace/lpc_chip_8xx/Debug/liblpc_chip_8xx.a(uart_8xx.o) (RingBuffer_Insert)
/home/donald/Documents/MCUXpresso_10.0.0_344/workspace/lpc_chip_8xx/Debug/liblpc_chip_8xx.a(syscon_8xx.o)
                              /home/donald/Documents/MCUXpresso_10.0.0_344/workspace/lpc_chip_8xx/Debug/liblpc_chip_8xx.a(sysinit_8xx.o) (Chip_SYSCTL_PowerDown)
/usr/local/mcuxpressoide-10.0.0_344/ide/tools/bin/../lib/gcc/arm-none-eabi/5.4.1/../../../../arm-none-eabi/lib/armv6-m/libcr_c.a(memcpy.o)
                              /home/donald/Documents/MCUXpresso_10.0.0_344/workspace/lpc_chip_8xx/Debug/liblpc_chip_8xx.a(ring_buffer.o) (memcpy)
/usr/local/mcuxpressoide-10.0.0_344/ide/tools/bin/../lib/gcc/arm-none-eabi/5.4.1/../../../../arm-none-eabi/lib/armv6-m/libcr_c.a(__weak__main.o)
                              ./src/cr_startup_lpc8xx.o (__main)
/usr/local/mcuxpressoide-10.0.0_344/ide/tools/bin/../lib/gcc/arm-none-eabi/5.4.1/../../../../arm-none-eabi/lib/armv6-m/libcr_c.a(itoa.o)
                              ./src/lcd.o (itoa)
/usr/local/mcuxpressoide-10.0.0_344/ide/tools/bin/../lib/gcc/arm-none-eabi/5.4.1/armv6-m/libcr_eabihelpers.a(division_32.o)
                              /home/donald/Documents/MCUXpresso_10.0.0_344/workspace/lpc_board_lpc812max/Debug/liblpc_board_lpc812max.a(board.o) (__aeabi_idiv)
/usr/local/mcuxpressoide-10.0.0_344/ide/tools/bin/../lib/gcc/arm-none-eabi/5.4.1/armv6-m/libcr_eabihelpers.a(division_64.o)
                              /home/donald/Documents/MCUXpresso_10.0.0_344/workspace/lpc_chip_8xx/Debug/liblpc_chip_8xx.a(clock_8xx.o) (__aeabi_uldivmod)
/usr/local/mcuxpressoide-10.0.0_344/ide/tools/bin/../lib/gcc/arm-none-eabi/5.4.1/armv6-m/libcr_eabihelpers.a(division_idiv0.o)
                              /usr/local/mcuxpressoide-10.0.0_344/ide/tools/bin/../lib/gcc/arm-none-eabi/5.4.1/armv6-m/libcr_eabihelpers.a(division_32.o) (__aeabi_idiv0)
/usr/local/mcuxpressoide-10.0.0_344/ide/tools/bin/../lib/gcc/arm-none-eabi/5.4.1/armv6-m/libcr_eabihelpers.a(memcpy.o)
[...]
Memory Configuration

Name             Origin             Length             Attributes
MFlash16         0x00000000         0x00004000         xr
RamLoc4          0x10000000         0x00001000         xrw
*default*        0x00000000         0xffffffff

Linker script and memory map

LOAD ./src/SleepyZzz.o
LOAD ./src/cr_startup_lpc8xx.o
LOAD ./src/crp.o
LOAD ./src/i2c.o
LOAD ./src/lcd.o
LOAD ./src/mtb.o
LOAD ./src/switch_matrix.o
LOAD ./src/sysinit.o
LOAD /home/donald/Documents/MCUXpresso_10.0.0_344/workspace/lpc_board_lpc812max/Debug/liblpc_board_lpc812max.a
LOAD /home/donald/Documents/MCUXpresso_10.0.0_344/workspace/lpc_chip_8xx/Debug/liblpc_chip_8xx.a
START GROUP
LOAD /usr/local/mcuxpressoide-10.0.0_344/ide/tools/bin/../lib/gcc/arm-none-eabi/5.4.1/../../../../arm-none-eabi/lib/armv6-m/libcr_c.a
LOAD /usr/local/mcuxpressoide-10.0.0_344/ide/tools/bin/../lib/gcc/arm-none-eabi/5.4.1/armv6-m/libcr_eabihelpers.a
END GROUP
                0x00000000                __base_MFlash16 = 0x0
                0x00000000                __base_Flash = 0x0
                0x00004000                __top_MFlash16 = 0x4000
                0x00004000                __top_Flash = 0x4000
                0x10000000                __base_RamLoc4 = 0x10000000
                0x10000000                __base_RAM = 0x10000000
                0x10001000                __top_RamLoc4 = 0x10001000
                0x10001000                __top_RAM = 0x10001000

.text           0x00000000     0x2078
 FILL mask 0xff
                0x00000000                __vectors_start__ = ABSOLUTE (.)
 *(.isr_vector)
 .isr_vector    0x00000000       0xc0 ./src/cr_startup_lpc8xx.o
                0x00000000                g_pfnVectors
                0x000000c0                . = ALIGN (0x4)
                0x000000c0                __section_table_start = .
                0x000000c0                __data_section_table = .
                0x000000c0        0x4 LONG 0x2078 LOADADDR (.data)
                0x000000c4        0x4 LONG 0x10000100 ADDR (.data)
                0x000000c8        0x4 LONG 0x0 SIZEOF (.data)
                0x000000cc                __data_section_table_end = .
                0x000000cc                __bss_section_table = .
                0x000000cc        0x4 LONG 0x10000100 ADDR (.bss)
                0x000000d0        0x4 LONG 0x24 SIZEOF (.bss)
                0x000000d4                __bss_section_table_end = .
                0x000000d4                __section_table_end = .
 *(.after_vectors*)
 .after_vectors
                0x000000d4      0x124 ./src/cr_startup_lpc8xx.o
                0x000000d4                data_init
                0x00000114                bss_init
                0x00000148                ResetISR
                0x000001c8                NMI_Handler
                0x000001d0                HardFault_Handler
                0x000001d8                SVC_Handler
                0x000001e0                PendSV_Handler
                0x000001f0                CMP_IRQHandler
                0x000001f0                PININT7_IRQHandler
                0x000001f0                WKT_IRQHandler
                0x000001f0                PININT2_IRQHandler
                0x000001f0                PININT1_IRQHandler
                0x000001f0                MRT_IRQHandler
                0x000001f0                UART1_IRQHandler
                0x000001f0                UART0_IRQHandler
                0x000001f0                SPI1_IRQHandler
                0x000001f0                IntDefaultHandler
                0x000001f0                PININT3_IRQHandler
                0x000001f0                UART2_IRQHandler
                0x000001f0                PININT5_IRQHandler
                0x000001f0                PININT4_IRQHandler
                0x000001f0                PININT0_IRQHandler
                0x000001f0                BOD_IRQHandler
                0x000001f0                SCT_IRQHandler
                0x000001f0                WDT_IRQHandler
                0x000001f0                PININT6_IRQHandler
                0x000001f0                SPI0_IRQHandler
                0x000002fc                . = 0x2fc
 *fill*         0x000001f8      0x104 ff
                0x000002fc                PROVIDE (__CRP_WORD_START__, .)
 *(.crp)
 .crp           0x000002fc        0x4 ./src/crp.o
                0x000002fc                CRP_WORD
                0x00000300                PROVIDE (__CRP_WORD_END__, .)
                0x00000001                ASSERT (! ((__CRP_WORD_START__ == __CRP_WORD_END__)), Linker CRP Enabled, but no CRP_WORD provided within application)
 *(.text*)
 .text.NVIC_EnableIRQ
                0x00000300       0x2c ./src/SleepyZzz.o
 .text.NVIC_SetPriority
                0x0000032c       0xdc ./src/SleepyZzz.o
 .text.SysTick_Config
                0x00000408       0x48 ./src/SleepyZzz.o
 .text.SysTick_Handler
                0x00000450       0x10 ./src/SleepyZzz.o
                0x00000450                SysTick_Handler
 .text.program_init
                0x00000460       0x40 ./src/SleepyZzz.o
                0x00000460                program_init
 .text.main     0x000004a0       0x28 ./src/SleepyZzz.o
                0x000004a0                main
 .text.Chip_Clock_EnablePeriphClock
                0x000004c8       0x38 ./src/i2c.o
 .text.Chip_Clock_DisablePeriphClock
                0x00000500       0x3c ./src/i2c.o
 .text.Chip_I2C_SetClockDiv
                0x0000053c       0x34 ./src/i2c.o
 .text.Chip_I2CM_Enable
                0x00000570       0x20 ./src/i2c.o
 .text.I2C_IRQHandler
                0x00000590       0x20 ./src/i2c.o
                0x00000590                I2C_IRQHandler
 .text.setupI2CMaster
                0x000005b0       0x38 ./src/i2c.o
                0x000005b0                setupI2CMaster
 .text.SetupXferRecAndExecute
                0x000005e8       0x6c ./src/i2c.o
                0x000005e8                SetupXferRecAndExecute
 .text.Init_I2C_PinMux
                0x00000654       0x44 ./src/i2c.o
                0x00000654                Init_I2C_PinMux
 .text.send_packet
                0x00000698       0x2c ./src/lcd.o
 .text.delay    0x000006c4       0x24 ./src/lcd.o
 .text.set_lcd_cursor
                0x000006e8       0x38 ./src/lcd.o
                0x000006e8                set_lcd_cursor
 .text.lcd_clear
                0x00000720       0x2c ./src/lcd.o
                0x00000720                lcd_clear
 .text.LCD_print_char
                0x0000074c       0x2c ./src/lcd.o
                0x0000074c                LCD_print_char
 .text.LCD_print_string
                0x00000778       0x4c ./src/lcd.o
                0x00000778                LCD_print_string
 .text.Chip_Clock_EnablePeriphClock
                0x000007c4       0x38 ./src/switch_matrix.o
 .text.Chip_Clock_DisablePeriphClock
                0x000007fc       0x3c ./src/switch_matrix.o
 .text.reset_switch_matrix
                0x00000838       0x48 ./src/switch_matrix.o
                0x00000838                reset_switch_matrix
 .text.SystemInit
                0x00000880       0x10 ./src/sysinit.o
                0x00000880                SystemInit
 .text.Chip_Clock_EnablePeriphClock
                0x00000890       0x38 /home/donald/Documents/MCUXpresso_10.0.0_344/workspace/lpc_board_lpc812max/Debug/liblpc_board_lpc812max.a(board.o)
 .text.Chip_Clock_DisablePeriphClock
                0x000008c8       0x3c /home/donald/Documents/MCUXpresso_10.0.0_344/workspace/lpc_board_lpc812max/Debug/liblpc_board_lpc812max.a(board.o)
 .text.Chip_Clock_SetUARTClockDiv
                0x00000904       0x1c /home/donald/Documents/MCUXpresso_10.0.0_344/workspace/lpc_board_lpc812max/Debug/liblpc_board_lpc812max.a(board.o)
 .text.Chip_SWM_DisableFixedPin
                0x00000920       0x3c /home/donald/Documents/MCUXpresso_10.0.0_344/workspace/lpc_board_lpc812max/Debug/liblpc_board_lpc812max.a(board.o)
 .text.Chip_GPIO_SetPinState
                0x0000095c       0x40 /home/donald/Documents/MCUXpresso_10.0.0_344/workspace/lpc_board_lpc812max/Debug/liblpc_board_lpc812max.a(board.o)
 .text.Chip_GPIO_SetPinDIROutput
                0x0000099c       0x50 /home/donald/Documents/MCUXpresso_10.0.0_344/workspace/lpc_board_lpc812max/Debug/liblpc_board_lpc812max.a(board.o)
 .text.Chip_GPIO_SetPinToggle
                0x000009ec       0x40 /home/donald/Documents/MCUXpresso_10.0.0_344/workspace/lpc_board_lpc812max/Debug/liblpc_board_lpc812max.a(board.o)
 .text.Chip_UART_Enable
                0x00000a2c       0x24 /home/donald/Documents/MCUXpresso_10.0.0_344/workspace/lpc_board_lpc812max/Debug/liblpc_board_lpc812max.a(board.o)
 .text.Chip_UART_TXEnable
                0x00000a50       0x20 /home/donald/Documents/MCUXpresso_10.0.0_344/workspace/lpc_board_lpc812max/Debug/liblpc_board_lpc812max.a(board.o)
 .text.Chip_UART_ConfigData
                0x00000a70       0x2c /home/donald/Documents/MCUXpresso_10.0.0_344/workspace/lpc_board_lpc812max/Debug/liblpc_board_lpc812max.a(board.o)
 .text.Board_LED_Init
                0x00000a9c       0x4c /home/donald/Documents/MCUXpresso_10.0.0_344/workspace/lpc_board_lpc812max/Debug/liblpc_board_lpc812max.a(board.o)
 .text.Board_UART_Init
                0x00000ae8       0x34 /home/donald/Documents/MCUXpresso_10.0.0_344/workspace/lpc_board_lpc812max/Debug/liblpc_board_lpc812max.a(board.o)
 .text.Board_LED_Toggle
                0x00000b1c       0x34 /home/donald/Documents/MCUXpresso_10.0.0_344/workspace/lpc_board_lpc812max/Debug/liblpc_board_lpc812max.a(board.o)
                0x00000b1c                Board_LED_Toggle
 .text.Board_Debug_Init
                0x00000b50       0x50 /home/donald/Documents/MCUXpresso_10.0.0_344/workspace/lpc_board_lpc812max/Debug/liblpc_board_lpc812max.a(board.o)
                0x00000b50                Board_Debug_Init
 .text.Board_Init
                0x00000ba0       0x1c /home/donald/Documents/MCUXpresso_10.0.0_344/workspace/lpc_board_lpc812max/Debug/liblpc_board_lpc812max.a(board.o)
                0x00000ba0                Board_Init
 .text.Chip_Clock_EnablePeriphClock
                0x00000bbc       0x38 /home/donald/Documents/MCUXpresso_10.0.0_344/workspace/lpc_board_lpc812max/Debug/liblpc_board_lpc812max.a(board_sysinit.o)
 .text.Chip_Clock_DisablePeriphClock
                0x00000bf4       0x3c /home/donald/Documents/MCUXpresso_10.0.0_344/workspace/lpc_board_lpc812max/Debug/liblpc_board_lpc812max.a(board_sysinit.o)
 .text.Board_SetupMuxing
                0x00000c30       0x4c /home/donald/Documents/MCUXpresso_10.0.0_344/workspace/lpc_board_lpc812max/Debug/liblpc_board_lpc812max.a(board_sysinit.o)
                0x00000c30                Board_SetupMuxing
 .text.Board_SetupClocking
                0x00000c7c       0x18 /home/donald/Documents/MCUXpresso_10.0.0_344/workspace/lpc_board_lpc812max/Debug/liblpc_board_lpc812max.a(board_sysinit.o)
                0x00000c7c                Board_SetupClocking
 .text.Board_SystemInit
                0x00000c94       0x14 /home/donald/Documents/MCUXpresso_10.0.0_344/workspace/lpc_board_lpc812max/Debug/liblpc_board_lpc812max.a(board_sysinit.o)
                0x00000c94                Board_SystemInit
 .text.SystemCoreClockUpdate
                0x00000ca8       0x18 /home/donald/Documents/MCUXpresso_10.0.0_344/workspace/lpc_chip_8xx/Debug/liblpc_chip_8xx.a(chip_8xx.o)
                0x00000ca8                SystemCoreClockUpdate
 .text.Chip_SYSCTL_AssertPeriphReset
                0x00000cc0       0x38 /home/donald/Documents/MCUXpresso_10.0.0_344/workspace/lpc_chip_8xx/Debug/liblpc_chip_8xx.a(clock_8xx.o)
 .text.Chip_SYSCTL_DeassertPeriphReset
                0x00000cf8       0x34 /home/donald/Documents/MCUXpresso_10.0.0_344/workspace/lpc_chip_8xx/Debug/liblpc_chip_8xx.a(clock_8xx.o)
 .text.Chip_SYSCTL_PeriphReset
                0x00000d2c       0x28 /home/donald/Documents/MCUXpresso_10.0.0_344/workspace/lpc_chip_8xx/Debug/liblpc_chip_8xx.a(clock_8xx.o)
 .text.Chip_Clock_SetUARTClockDiv
                0x00000d54       0x1c /home/donald/Documents/MCUXpresso_10.0.0_344/workspace/lpc_chip_8xx/Debug/liblpc_chip_8xx.a(clock_8xx.o)
 .text.Chip_Clock_GetUARTClockDiv
                0x00000d70       0x18 /home/donald/Documents/MCUXpresso_10.0.0_344/workspace/lpc_chip_8xx/Debug/liblpc_chip_8xx.a(clock_8xx.o)
 .text.Chip_SYSCTL_SetUSARTFRGDivider
                0x00000d88       0x24 /home/donald/Documents/MCUXpresso_10.0.0_344/workspace/lpc_chip_8xx/Debug/liblpc_chip_8xx.a(clock_8xx.o)
 .text.Chip_SYSCTL_GetUSARTFRGDivider
                0x00000dac       0x18 /home/donald/Documents/MCUXpresso_10.0.0_344/workspace/lpc_chip_8xx/Debug/liblpc_chip_8xx.a(clock_8xx.o)
 .text.Chip_SYSCTL_SetUSARTFRGMultiplier
                0x00000dc4       0x24 /home/donald/Documents/MCUXpresso_10.0.0_344/workspace/lpc_chip_8xx/Debug/liblpc_chip_8xx.a(clock_8xx.o)
 .text.Chip_SYSCTL_GetUSARTFRGMultiplier
                0x00000de8       0x18 /home/donald/Documents/MCUXpresso_10.0.0_344/workspace/lpc_chip_8xx/Debug/liblpc_chip_8xx.a(clock_8xx.o)
 .text.Chip_Clock_GetMainOscRate
                0x00000e00       0x14 /home/donald/Documents/MCUXpresso_10.0.0_344/workspace/lpc_chip_8xx/Debug/liblpc_chip_8xx.a(clock_8xx.o)
 .text.Chip_Clock_GetIntOscRate
                0x00000e14       0x10 /home/donald/Documents/MCUXpresso_10.0.0_344/workspace/lpc_chip_8xx/Debug/liblpc_chip_8xx.a(clock_8xx.o)
 .text.Chip_Clock_GetExtClockInRate
                0x00000e24       0x14 /home/donald/Documents/MCUXpresso_10.0.0_344/workspace/lpc_chip_8xx/Debug/liblpc_chip_8xx.a(clock_8xx.o)
 .text.Chip_Clock_GetWDTLFORate
                0x00000e38       0x48 /home/donald/Documents/MCUXpresso_10.0.0_344/workspace/lpc_chip_8xx/Debug/liblpc_chip_8xx.a(clock_8xx.o)
 .text.Chip_Clock_GetPLLFreq
                0x00000e80       0x24 /home/donald/Documents/MCUXpresso_10.0.0_344/workspace/lpc_chip_8xx/Debug/liblpc_chip_8xx.a(clock_8xx.o)
 .text.Chip_Clock_SetSystemPLLSource
                0x00000ea4       0x2c /home/donald/Documents/MCUXpresso_10.0.0_344/workspace/lpc_chip_8xx/Debug/liblpc_chip_8xx.a(clock_8xx.o)
                0x00000ea4                Chip_Clock_SetSystemPLLSource
 .text.Chip_Clock_SetMainClockSource
                0x00000ed0       0x2c /home/donald/Documents/MCUXpresso_10.0.0_344/workspace/lpc_chip_8xx/Debug/liblpc_chip_8xx.a(clock_8xx.o)
                0x00000ed0                Chip_Clock_SetMainClockSource
 .text.Chip_Clock_SetCLKOUTSource
                0x00000efc       0x3c /home/donald/Documents/MCUXpresso_10.0.0_344/workspace/lpc_chip_8xx/Debug/liblpc_chip_8xx.a(clock_8xx.o)
                0x00000efc                Chip_Clock_SetCLKOUTSource
 .text.Chip_Clock_GetWDTOSCRate
                0x00000f38       0x20 /home/donald/Documents/MCUXpresso_10.0.0_344/workspace/lpc_chip_8xx/Debug/liblpc_chip_8xx.a(clock_8xx.o)
                0x00000f38                Chip_Clock_GetWDTOSCRate
 .text.Chip_Clock_GetSystemPLLInClockRate
                0x00000f58       0x50 /home/donald/Documents/MCUXpresso_10.0.0_344/workspace/lpc_chip_8xx/Debug/liblpc_chip_8xx.a(clock_8xx.o)
                0x00000f58                Chip_Clock_GetSystemPLLInClockRate
 .text.Chip_Clock_GetSystemPLLOutClockRate
                0x00000fa8       0x28 /home/donald/Documents/MCUXpresso_10.0.0_344/workspace/lpc_chip_8xx/Debug/liblpc_chip_8xx.a(clock_8xx.o)
                0x00000fa8                Chip_Clock_GetSystemPLLOutClockRate
 .text.Chip_Clock_GetMainClockRate
                0x00000fd0       0x64 /home/donald/Documents/MCUXpresso_10.0.0_344/workspace/lpc_chip_8xx/Debug/liblpc_chip_8xx.a(clock_8xx.o)
                0x00000fd0                Chip_Clock_GetMainClockRate
 .text.Chip_Clock_GetSystemClockRate
                0x00001034       0x24 /home/donald/Documents/MCUXpresso_10.0.0_344/workspace/lpc_chip_8xx/Debug/liblpc_chip_8xx.a(clock_8xx.o)
                0x00001034                Chip_Clock_GetSystemClockRate
 .text.Chip_Clock_GetUSARTNBaseClockRate
                0x00001058       0x84 /home/donald/Documents/MCUXpresso_10.0.0_344/workspace/lpc_chip_8xx/Debug/liblpc_chip_8xx.a(clock_8xx.o)
                0x00001058                Chip_Clock_GetUSARTNBaseClockRate
 .text.Chip_Clock_SetUSARTNBaseClockRate
                0x000010dc       0x84 /home/donald/Documents/MCUXpresso_10.0.0_344/workspace/lpc_chip_8xx/Debug/liblpc_chip_8xx.a(clock_8xx.o)
                0x000010dc                Chip_Clock_SetUSARTNBaseClockRate
 .text.Chip_Clock_EnablePeriphClock
                0x00001160       0x38 /home/donald/Documents/MCUXpresso_10.0.0_344/workspace/lpc_chip_8xx/Debug/liblpc_chip_8xx.a(gpio_8xx.o)
 .text.Chip_GPIO_Init
                0x00001198       0x18 /home/donald/Documents/MCUXpresso_10.0.0_344/workspace/lpc_chip_8xx/Debug/liblpc_chip_8xx.a(gpio_8xx.o)
                0x00001198                Chip_GPIO_Init
 .text.Chip_SYSCTL_AssertPeriphReset
                0x000011b0       0x38 /home/donald/Documents/MCUXpresso_10.0.0_344/workspace/lpc_chip_8xx/Debug/liblpc_chip_8xx.a(i2c_common_8xx.o)
 .text.Chip_SYSCTL_DeassertPeriphReset
                0x000011e8       0x34 /home/donald/Documents/MCUXpresso_10.0.0_344/workspace/lpc_chip_8xx/Debug/liblpc_chip_8xx.a(i2c_common_8xx.o)
 .text.Chip_SYSCTL_PeriphReset
                0x0000121c       0x28 /home/donald/Documents/MCUXpresso_10.0.0_344/workspace/lpc_chip_8xx/Debug/liblpc_chip_8xx.a(i2c_common_8xx.o)
 .text.Chip_Clock_EnablePeriphClock
                0x00001244       0x38 /home/donald/Documents/MCUXpresso_10.0.0_344/workspace/lpc_chip_8xx/Debug/liblpc_chip_8xx.a(i2c_common_8xx.o)
 .text.I2C_GetResetID
                0x0000127c       0x44 /home/donald/Documents/MCUXpresso_10.0.0_344/workspace/lpc_chip_8xx/Debug/liblpc_chip_8xx.a(i2c_common_8xx.o)
 .text.I2C_GetClockID
                0x000012c0       0x44 /home/donald/Documents/MCUXpresso_10.0.0_344/workspace/lpc_chip_8xx/Debug/liblpc_chip_8xx.a(i2c_common_8xx.o)
 .text.Chip_I2C_Init
                0x00001304       0x30 /home/donald/Documents/MCUXpresso_10.0.0_344/workspace/lpc_chip_8xx/Debug/liblpc_chip_8xx.a(i2c_common_8xx.o)
                0x00001304                Chip_I2C_Init
 .text.Chip_I2C_GetClockDiv
                0x00001334       0x1c /home/donald/Documents/MCUXpresso_10.0.0_344/workspace/lpc_chip_8xx/Debug/liblpc_chip_8xx.a(i2cm_8xx.o)
 .text.Chip_I2CM_GetStatus
                0x00001350       0x1c /home/donald/Documents/MCUXpresso_10.0.0_344/workspace/lpc_chip_8xx/Debug/liblpc_chip_8xx.a(i2cm_8xx.o)
 .text.Chip_I2CM_ClearStatus
                0x0000136c       0x1c /home/donald/Documents/MCUXpresso_10.0.0_344/workspace/lpc_chip_8xx/Debug/liblpc_chip_8xx.a(i2cm_8xx.o)
 .text.Chip_I2CM_IsMasterPending
                0x00001388       0x20 /home/donald/Documents/MCUXpresso_10.0.0_344/workspace/lpc_chip_8xx/Debug/liblpc_chip_8xx.a(i2cm_8xx.o)
 .text.Chip_I2CM_GetMasterState
                0x000013a8       0x1c /home/donald/Documents/MCUXpresso_10.0.0_344/workspace/lpc_chip_8xx/Debug/liblpc_chip_8xx.a(i2cm_8xx.o)
 .text.Chip_I2CM_SendStart
                0x000013c4       0x18 /home/donald/Documents/MCUXpresso_10.0.0_344/workspace/lpc_chip_8xx/Debug/liblpc_chip_8xx.a(i2cm_8xx.o)
 .text.Chip_I2CM_SendStop
                0x000013dc       0x18 /home/donald/Documents/MCUXpresso_10.0.0_344/workspace/lpc_chip_8xx/Debug/liblpc_chip_8xx.a(i2cm_8xx.o)
 .text.Chip_I2CM_MasterContinue
                0x000013f4       0x18 /home/donald/Documents/MCUXpresso_10.0.0_344/workspace/lpc_chip_8xx/Debug/liblpc_chip_8xx.a(i2cm_8xx.o)
 .text.Chip_I2CM_WriteByte
                0x0000140c       0x20 /home/donald/Documents/MCUXpresso_10.0.0_344/workspace/lpc_chip_8xx/Debug/liblpc_chip_8xx.a(i2cm_8xx.o)
 .text.Chip_I2CM_SetDutyCycle
                0x0000142c       0x7c /home/donald/Documents/MCUXpresso_10.0.0_344/workspace/lpc_chip_8xx/Debug/liblpc_chip_8xx.a(i2cm_8xx.o)
 .text.Chip_I2CM_SetBusSpeed
                0x000014a8       0x50 /home/donald/Documents/MCUXpresso_10.0.0_344/workspace/lpc_chip_8xx/Debug/liblpc_chip_8xx.a(i2cm_8xx.o)
                0x000014a8                Chip_I2CM_SetBusSpeed
 .text.Chip_I2CM_XferHandler
                0x000014f8      0x164 /home/donald/Documents/MCUXpresso_10.0.0_344/workspace/lpc_chip_8xx/Debug/liblpc_chip_8xx.a(i2cm_8xx.o)
                0x000014f8                Chip_I2CM_XferHandler
 .text.Chip_I2CM_Xfer
                0x0000165c       0x50 /home/donald/Documents/MCUXpresso_10.0.0_344/workspace/lpc_chip_8xx/Debug/liblpc_chip_8xx.a(i2cm_8xx.o)
                0x0000165c                Chip_I2CM_Xfer
 .text.Chip_I2CM_XferBlocking
                0x000016ac       0x54 /home/donald/Documents/MCUXpresso_10.0.0_344/workspace/lpc_chip_8xx/Debug/liblpc_chip_8xx.a(i2cm_8xx.o)
                0x000016ac                Chip_I2CM_XferBlocking
 .text.Chip_IOCON_PinSetI2CMode
                0x00001700       0x4c /home/donald/Documents/MCUXpresso_10.0.0_344/workspace/lpc_chip_8xx/Debug/liblpc_chip_8xx.a(iocon_8xx.o)
                0x00001700                Chip_IOCON_PinSetI2CMode
 .text.Chip_SWM_MovablePinAssign
                0x0000174c       0x64 /home/donald/Documents/MCUXpresso_10.0.0_344/workspace/lpc_chip_8xx/Debug/liblpc_chip_8xx.a(swm_8xx.o)
                0x0000174c                Chip_SWM_MovablePinAssign
 .text.Chip_SetupIrcClocking
                0x000017b0       0x20 /home/donald/Documents/MCUXpresso_10.0.0_344/workspace/lpc_chip_8xx/Debug/liblpc_chip_8xx.a(sysinit_8xx.o)
                0x000017b0                Chip_SetupIrcClocking
 .text.Chip_SYSCTL_AssertPeriphReset
                0x000017d0       0x38 /home/donald/Documents/MCUXpresso_10.0.0_344/workspace/lpc_chip_8xx/Debug/liblpc_chip_8xx.a(uart_8xx.o)
 .text.Chip_SYSCTL_DeassertPeriphReset
                0x00001808       0x34 /home/donald/Documents/MCUXpresso_10.0.0_344/workspace/lpc_chip_8xx/Debug/liblpc_chip_8xx.a(uart_8xx.o)
 .text.Chip_SYSCTL_PeriphReset
                0x0000183c       0x28 /home/donald/Documents/MCUXpresso_10.0.0_344/workspace/lpc_chip_8xx/Debug/liblpc_chip_8xx.a(uart_8xx.o)
 .text.Chip_Clock_EnablePeriphClock
                0x00001864       0x38 /home/donald/Documents/MCUXpresso_10.0.0_344/workspace/lpc_chip_8xx/Debug/liblpc_chip_8xx.a(uart_8xx.o)
 .text.getUARTClockID
                0x0000189c       0x34 /home/donald/Documents/MCUXpresso_10.0.0_344/workspace/lpc_chip_8xx/Debug/liblpc_chip_8xx.a(uart_8xx.o)
 .text.Chip_UART_Init
                0x000018d0       0x50 /home/donald/Documents/MCUXpresso_10.0.0_344/workspace/lpc_chip_8xx/Debug/liblpc_chip_8xx.a(uart_8xx.o)
                0x000018d0                Chip_UART_Init
 .text.Chip_UART_SetBaud
                0x00001920       0x30 /home/donald/Documents/MCUXpresso_10.0.0_344/workspace/lpc_chip_8xx/Debug/liblpc_chip_8xx.a(uart_8xx.o)
                0x00001920                Chip_UART_SetBaud
 .text.Chip_Clock_SetupSystemPLL
                0x00001950       0x38 /home/donald/Documents/MCUXpresso_10.0.0_344/workspace/lpc_chip_8xx/Debug/liblpc_chip_8xx.a(irc_8xx.o)
 .text.Chip_Clock_IsSystemPLLLocked
                0x00001988       0x1c /home/donald/Documents/MCUXpresso_10.0.0_344/workspace/lpc_chip_8xx/Debug/liblpc_chip_8xx.a(irc_8xx.o)
 .text.Chip_Clock_SetSysClockDiv
                0x000019a4       0x1c /home/donald/Documents/MCUXpresso_10.0.0_344/workspace/lpc_chip_8xx/Debug/liblpc_chip_8xx.a(irc_8xx.o)
 .text.Chip_FMC_SetFLASHAccess
                0x000019c0       0x2c /home/donald/Documents/MCUXpresso_10.0.0_344/workspace/lpc_chip_8xx/Debug/liblpc_chip_8xx.a(irc_8xx.o)
 .text.pll_config
                0x000019ec       0x6c /home/donald/Documents/MCUXpresso_10.0.0_344/workspace/lpc_chip_8xx/Debug/liblpc_chip_8xx.a(irc_8xx.o)
 .text.Chip_IRC_SetFreq
                0x00001a58       0xf4 /home/donald/Documents/MCUXpresso_10.0.0_344/workspace/lpc_chip_8xx/Debug/liblpc_chip_8xx.a(irc_8xx.o)
                0x00001a58                Chip_IRC_SetFreq
 .text.Chip_SYSCTL_PowerDown
                0x00001b4c       0x44 /home/donald/Documents/MCUXpresso_10.0.0_344/workspace/lpc_chip_8xx/Debug/liblpc_chip_8xx.a(syscon_8xx.o)
                0x00001b4c                Chip_SYSCTL_PowerDown
 .text.Chip_SYSCTL_PowerUp
                0x00001b90       0x48 /home/donald/Documents/MCUXpresso_10.0.0_344/workspace/lpc_chip_8xx/Debug/liblpc_chip_8xx.a(syscon_8xx.o)
                0x00001b90                Chip_SYSCTL_PowerUp
 .text.__weak_main
                0x00001bd8        0x8 /usr/local/mcuxpressoide-10.0.0_344/ide/tools/bin/../lib/gcc/arm-none-eabi/5.4.1/../../../../arm-none-eabi/lib/armv6-m/libcr_c.a(__weak__main.o)
                0x00001bd8                __main
                0x00001bd8                __weak_main
 .text.__aeabi_division_idivmod
                0x00001be0       0x78 /usr/local/mcuxpressoide-10.0.0_344/ide/tools/bin/../lib/gcc/arm-none-eabi/5.4.1/armv6-m/libcr_eabihelpers.a(division_32.o)
                0x00001be0                __aeabi_idiv
                0x00001be0                __aeabi_idivmod
                0x00001be6                __aeabi_uidiv
                0x00001be6                __aeabi_uidivmod
 .text.__aeabi_division_uldivmod
                0x00001c58       0x5a /usr/local/mcuxpressoide-10.0.0_344/ide/tools/bin/../lib/gcc/arm-none-eabi/5.4.1/armv6-m/libcr_eabihelpers.a(division_64.o)
                0x00001c58                __aeabi_uldivmod
 .text.__aeabi_division_idiv0
                0x00001cb2        0x2 /usr/local/mcuxpressoide-10.0.0_344/ide/tools/bin/../lib/gcc/arm-none-eabi/5.4.1/armv6-m/libcr_eabihelpers.a(division_idiv0.o)
                0x00001cb2                __aeabi_idiv0
 *(.rodata .rodata.* .constdata .constdata.*)
 .rodata        0x00001cb4        0xe ./src/SleepyZzz.o
 *fill*         0x00001cc2        0x2 ff
 .rodata.ledBits
                0x00001cc4        0x3 /home/donald/Documents/MCUXpresso_10.0.0_344/workspace/lpc_board_lpc812max/Debug/liblpc_board_lpc812max.a(board.o)
 *fill*         0x00001cc7        0x1 ff
 .rodata.OscRateIn
                0x00001cc8        0x4 /home/donald/Documents/MCUXpresso_10.0.0_344/workspace/lpc_board_lpc812max/Debug/liblpc_board_lpc812max.a(board.o)
                0x00001cc8                OscRateIn
 .rodata.ExtRateIn
                0x00001ccc        0x4 /home/donald/Documents/MCUXpresso_10.0.0_344/workspace/lpc_board_lpc812max/Debug/liblpc_board_lpc812max.a(board.o)
                0x00001ccc                ExtRateIn
 .rodata.wdtOSCRate
                0x00001cd0       0x40 /home/donald/Documents/MCUXpresso_10.0.0_344/workspace/lpc_chip_8xx/Debug/liblpc_chip_8xx.a(clock_8xx.o)
 .rodata.Chip_I2CM_XferHandler
                0x00001d10       0x14 /home/donald/Documents/MCUXpresso_10.0.0_344/workspace/lpc_chip_8xx/Debug/liblpc_chip_8xx.a(i2cm_8xx.o)
 .rodata.config_tab
                0x00001d24      0x354 /home/donald/Documents/MCUXpresso_10.0.0_344/workspace/lpc_chip_8xx/Debug/liblpc_chip_8xx.a(irc_8xx.o)
                0x00002078                . = ALIGN (0x4)

.glue_7         0x00002078        0x0
 .glue_7        0x00002078        0x0 linker stubs

.glue_7t        0x00002078        0x0
 .glue_7t       0x00002078        0x0 linker stubs

.vfp11_veneer   0x00002078        0x0
 .vfp11_veneer  0x00002078        0x0 linker stubs

.v4_bx          0x00002078        0x0
 .v4_bx         0x00002078        0x0 linker stubs

.iplt           0x00002078        0x0
 .iplt          0x00002078        0x0 ./src/SleepyZzz.o

.rel.dyn        0x00002078        0x0
 .rel.iplt      0x00002078        0x0 ./src/SleepyZzz.o

.ARM.extab
 *(.ARM.extab* .gnu.linkonce.armextab.*)
                0x00002078                __exidx_start = .

.ARM.exidx
 *(.ARM.exidx* .gnu.linkonce.armexidx.*)
                0x00002078                __exidx_end = .
                0x00002078                _etext = .

.mtb_buffer_default
                0x10000000      0x100
 *(.mtb*)
 .mtb.$RAM1     0x10000000      0x100 ./src/mtb.o
                0x10000000                __mtb_buffer__

.uninit_RESERVED
                0x10000100        0x0
 *(.bss.$RESERVED*)
                0x10000100                . = ALIGN (0x4)
                0x10000100                _end_uninit_RESERVED = .

.data           0x10000100        0x0 load address 0x00002078
 FILL mask 0xff
                0x10000100                _data = .
 *(vtable)
 *(.ramfunc*)
 *(.data*)
                0x10000100                . = ALIGN (0x4)
                0x10000100                _edata = .

.igot.plt       0x10000100        0x0 load address 0x00002078
 .igot.plt      0x10000100        0x0 ./src/SleepyZzz.o

.bss            0x10000100       0x24 load address 0x00002078
                0x10000100                _bss = .
 *(.bss*)
 .bss.i.6711    0x10000100        0x4 ./src/SleepyZzz.o
 .bss.i2cmXferRec
                0x10000104       0x10 ./src/i2c.o
 .bss.tx_packet
                0x10000114        0x3 ./src/lcd.o
                0x10000114                tx_packet
 *fill*         0x10000117        0x1 
 .bss.rx_packet
                0x10000118        0x3 ./src/lcd.o
                0x10000118                rx_packet
 *fill*         0x1000011b        0x1 
 .bss.config_tab_idx
                0x1000011c        0x2 /home/donald/Documents/MCUXpresso_10.0.0_344/workspace/lpc_chip_8xx/Debug/liblpc_chip_8xx.a(irc_8xx.o)
 *(COMMON)
 *fill*         0x1000011e        0x2 
 COMMON         0x10000120        0x4 /home/donald/Documents/MCUXpresso_10.0.0_344/workspace/lpc_chip_8xx/Debug/liblpc_chip_8xx.a(chip_8xx.o)
                0x10000120                SystemCoreClock
                0x10000124                . = ALIGN (0x4)
                0x10000124                _ebss = .
                [!provide]                PROVIDE (end, .)

.noinit         0x10000124        0x0 load address 0x00002078
                0x10000124                _noinit = .
 *(.noinit*)
                0x10000124                . = ALIGN (0x4)
                0x10000124                _end_noinit = .
                [!provide]                PROVIDE (_pvHeapStart, DEFINED (__user_heap_base)?__user_heap_base:.)
                0x10001000                PROVIDE (_vStackTop, DEFINED (__user_stack_top)?__user_stack_top:(__top_RamLoc4 - 0x0))
                0xefffeb1d                PROVIDE (__valid_user_code_checksum, (0x0 - (((_vStackTop + (ResetISR + 0x1)) + (DEFINED (NMI_Handler)?NMI_Handler:M0_NMI_Handler + 0x1)) + (DEFINED (HardFault_Handler)?HardFault_Handler:M0_HardFault_Handler + 0x1))))
OUTPUT(SleepyZzz.axf elf32-littlearm)

.debug_info     0x00000000     0x7e72
 .debug_info    0x00000000      0x4f5 ./src/SleepyZzz.o
 .debug_info    0x000004f5      0x203 ./src/cr_startup_lpc8xx.o
 .debug_info    0x000006f8       0x3f ./src/crp.o
 .debug_info    0x00000737      0xc2b ./src/i2c.o
 .debug_info    0x00001362      0x2e5 ./src/lcd.o
 .debug_info    0x00001647       0x51 ./src/mtb.o
 .debug_info    0x00001698      0x671 ./src/switch_matrix.o
 .debug_info    0x00001d09       0xc3 ./src/sysinit.o
 .debug_info    0x00001dcc      0xce7 /home/donald/Documents/MCUXpresso_10.0.0_344/workspace/lpc_board_lpc812max/Debug/liblpc_board_lpc812max.a(board.o)
 .debug_info    0x00002ab3      0x6af /home/donald/Documents/MCUXpresso_10.0.0_344/workspace/lpc_board_lpc812max/Debug/liblpc_board_lpc812max.a(board_sysinit.o)
 .debug_info    0x00003162       0xcd /home/donald/Documents/MCUXpresso_10.0.0_344/workspace/lpc_chip_8xx/Debug/liblpc_chip_8xx.a(chip_8xx.o)
 .debug_info    0x0000322f      0xa81 /home/donald/Documents/MCUXpresso_10.0.0_344/workspace/lpc_chip_8xx/Debug/liblpc_chip_8xx.a(clock_8xx.o)
 .debug_info    0x00003cb0      0x665 /home/donald/Documents/MCUXpresso_10.0.0_344/workspace/lpc_chip_8xx/Debug/liblpc_chip_8xx.a(gpio_8xx.o)
 .debug_info    0x00004315      0x7bc /home/donald/Documents/MCUXpresso_10.0.0_344/workspace/lpc_chip_8xx/Debug/liblpc_chip_8xx.a(i2c_common_8xx.o)
 .debug_info    0x00004ad1      0x525 /home/donald/Documents/MCUXpresso_10.0.0_344/workspace/lpc_chip_8xx/Debug/liblpc_chip_8xx.a(i2cm_8xx.o)
 .debug_info    0x00004ff6      0x6a5 /home/donald/Documents/MCUXpresso_10.0.0_344/workspace/lpc_chip_8xx/Debug/liblpc_chip_8xx.a(iocon_8xx.o)
 .debug_info    0x0000569b      0x349 /home/donald/Documents/MCUXpresso_10.0.0_344/workspace/lpc_chip_8xx/Debug/liblpc_chip_8xx.a(swm_8xx.o)
 .debug_info    0x000059e4      0x5ea /home/donald/Documents/MCUXpresso_10.0.0_344/workspace/lpc_chip_8xx/Debug/liblpc_chip_8xx.a(sysinit_8xx.o)
 .debug_info    0x00005fce      0xbc6 /home/donald/Documents/MCUXpresso_10.0.0_344/workspace/lpc_chip_8xx/Debug/liblpc_chip_8xx.a(uart_8xx.o)
 .debug_info    0x00006b94      0xe4f /home/donald/Documents/MCUXpresso_10.0.0_344/workspace/lpc_chip_8xx/Debug/liblpc_chip_8xx.a(irc_8xx.o)
 .debug_info    0x000079e3      0x48f /home/donald/Documents/MCUXpresso_10.0.0_344/workspace/lpc_chip_8xx/Debug/liblpc_chip_8xx.a(syscon_8xx.o)

.debug_abbrev   0x00000000     0x19fc
 .debug_abbrev  0x00000000      0x184 ./src/SleepyZzz.o
 .debug_abbrev  0x00000184       0xe6 ./src/cr_startup_lpc8xx.o
 .debug_abbrev  0x0000026a       0x36 ./src/crp.o
 .debug_abbrev  0x000002a0      0x198 ./src/i2c.o
 .debug_abbrev  0x00000438      0x134 ./src/lcd.o
 .debug_abbrev  0x0000056c       0x41 ./src/mtb.o
 .debug_abbrev  0x000005ad      0x114 ./src/switch_matrix.o
 .debug_abbrev  0x000006c1       0x6a ./src/sysinit.o
 .debug_abbrev  0x0000072b      0x213 /home/donald/Documents/MCUXpresso_10.0.0_344/workspace/lpc_board_lpc812max/Debug/liblpc_board_lpc812max.a(board.o)
 .debug_abbrev  0x0000093e       0xfc /home/donald/Documents/MCUXpresso_10.0.0_344/workspace/lpc_board_lpc812max/Debug/liblpc_board_lpc812max.a(board_sysinit.o)
 .debug_abbrev  0x00000a3a       0x7b /home/donald/Documents/MCUXpresso_10.0.0_344/workspace/lpc_chip_8xx/Debug/liblpc_chip_8xx.a(chip_8xx.o)
 .debug_abbrev  0x00000ab5      0x272 /home/donald/Documents/MCUXpresso_10.0.0_344/workspace/lpc_chip_8xx/Debug/liblpc_chip_8xx.a(clock_8xx.o)
 .debug_abbrev  0x00000d27      0x127 /home/donald/Documents/MCUXpresso_10.0.0_344/workspace/lpc_chip_8xx/Debug/liblpc_chip_8xx.a(gpio_8xx.o)
 .debug_abbrev  0x00000e4e      0x19c /home/donald/Documents/MCUXpresso_10.0.0_344/workspace/lpc_chip_8xx/Debug/liblpc_chip_8xx.a(i2c_common_8xx.o)
 .debug_abbrev  0x00000fea      0x15d /home/donald/Documents/MCUXpresso_10.0.0_344/workspace/lpc_chip_8xx/Debug/liblpc_chip_8xx.a(i2cm_8xx.o)
 .debug_abbrev  0x00001147      0x183 /home/donald/Documents/MCUXpresso_10.0.0_344/workspace/lpc_chip_8xx/Debug/liblpc_chip_8xx.a(iocon_8xx.o)
 .debug_abbrev  0x000012ca      0x138 /home/donald/Documents/MCUXpresso_10.0.0_344/workspace/lpc_chip_8xx/Debug/liblpc_chip_8xx.a(swm_8xx.o)
 .debug_abbrev  0x00001402      0x141 /home/donald/Documents/MCUXpresso_10.0.0_344/workspace/lpc_chip_8xx/Debug/liblpc_chip_8xx.a(sysinit_8xx.o)
 .debug_abbrev  0x00001543      0x1f6 /home/donald/Documents/MCUXpresso_10.0.0_344/workspace/lpc_chip_8xx/Debug/liblpc_chip_8xx.a(uart_8xx.o)
 .debug_abbrev  0x00001739      0x1f5 /home/donald/Documents/MCUXpresso_10.0.0_344/workspace/lpc_chip_8xx/Debug/liblpc_chip_8xx.a(irc_8xx.o)
 .debug_abbrev  0x0000192e       0xce /home/donald/Documents/MCUXpresso_10.0.0_344/workspace/lpc_chip_8xx/Debug/liblpc_chip_8xx.a(syscon_8xx.o)

.debug_aranges  0x00000000      0x820
 .debug_aranges
                0x00000000       0x48 ./src/SleepyZzz.o
 .debug_aranges
                0x00000048       0x60 ./src/cr_startup_lpc8xx.o
 .debug_aranges
                0x000000a8       0x18 ./src/crp.o
 .debug_aranges
                0x000000c0       0xb0 ./src/i2c.o
 .debug_aranges
                0x00000170       0x78 ./src/lcd.o
 .debug_aranges
                0x000001e8       0x18 ./src/mtb.o
 .debug_aranges
                0x00000200       0x38 ./src/switch_matrix.o
 .debug_aranges
                0x00000238       0x20 ./src/sysinit.o
 .debug_aranges
                0x00000258       0xd8 /home/donald/Documents/MCUXpresso_10.0.0_344/workspace/lpc_board_lpc812max/Debug/liblpc_board_lpc812max.a(board.o)
 .debug_aranges
                0x00000330       0x40 /home/donald/Documents/MCUXpresso_10.0.0_344/workspace/lpc_board_lpc812max/Debug/liblpc_board_lpc812max.a(board_sysinit.o)
 .debug_aranges
                0x00000370       0x20 /home/donald/Documents/MCUXpresso_10.0.0_344/workspace/lpc_chip_8xx/Debug/liblpc_chip_8xx.a(chip_8xx.o)
 .debug_aranges
                0x00000390       0xf0 /home/donald/Documents/MCUXpresso_10.0.0_344/workspace/lpc_chip_8xx/Debug/liblpc_chip_8xx.a(clock_8xx.o)
 .debug_aranges
                0x00000480       0x38 /home/donald/Documents/MCUXpresso_10.0.0_344/workspace/lpc_chip_8xx/Debug/liblpc_chip_8xx.a(gpio_8xx.o)
 .debug_aranges
                0x000004b8       0x60 /home/donald/Documents/MCUXpresso_10.0.0_344/workspace/lpc_chip_8xx/Debug/liblpc_chip_8xx.a(i2c_common_8xx.o)
 .debug_aranges
                0x00000518       0x88 /home/donald/Documents/MCUXpresso_10.0.0_344/workspace/lpc_chip_8xx/Debug/liblpc_chip_8xx.a(i2cm_8xx.o)
 .debug_aranges
                0x000005a0       0x90 /home/donald/Documents/MCUXpresso_10.0.0_344/workspace/lpc_chip_8xx/Debug/liblpc_chip_8xx.a(iocon_8xx.o)
 .debug_aranges
                0x00000630       0x38 /home/donald/Documents/MCUXpresso_10.0.0_344/workspace/lpc_chip_8xx/Debug/liblpc_chip_8xx.a(swm_8xx.o)
 .debug_aranges
                0x00000668       0x50 /home/donald/Documents/MCUXpresso_10.0.0_344/workspace/lpc_chip_8xx/Debug/liblpc_chip_8xx.a(sysinit_8xx.o)
 .debug_aranges
                0x000006b8       0xd8 /home/donald/Documents/MCUXpresso_10.0.0_344/workspace/lpc_chip_8xx/Debug/liblpc_chip_8xx.a(uart_8xx.o)
 .debug_aranges
                0x00000790       0x58 /home/donald/Documents/MCUXpresso_10.0.0_344/workspace/lpc_chip_8xx/Debug/liblpc_chip_8xx.a(irc_8xx.o)
 .debug_aranges
                0x000007e8       0x38 /home/donald/Documents/MCUXpresso_10.0.0_344/workspace/lpc_chip_8xx/Debug/liblpc_chip_8xx.a(syscon_8xx.o)

.debug_ranges   0x00000000      0x6c0
 .debug_ranges  0x00000000       0x38 ./src/SleepyZzz.o
 .debug_ranges  0x00000038       0x50 ./src/cr_startup_lpc8xx.o
 .debug_ranges  0x00000088       0xa0 ./src/i2c.o
 .debug_ranges  0x00000128       0x68 ./src/lcd.o
 .debug_ranges  0x00000190       0x28 ./src/switch_matrix.o
 .debug_ranges  0x000001b8       0x10 ./src/sysinit.o
 .debug_ranges  0x000001c8       0xc8 /home/donald/Documents/MCUXpresso_10.0.0_344/workspace/lpc_board_lpc812max/Debug/liblpc_board_lpc812max.a(board.o)
 .debug_ranges  0x00000290       0x30 /home/donald/Documents/MCUXpresso_10.0.0_344/workspace/lpc_board_lpc812max/Debug/liblpc_board_lpc812max.a(board_sysinit.o)
 .debug_ranges  0x000002c0       0x10 /home/donald/Documents/MCUXpresso_10.0.0_344/workspace/lpc_chip_8xx/Debug/liblpc_chip_8xx.a(chip_8xx.o)
 .debug_ranges  0x000002d0       0xe0 /home/donald/Documents/MCUXpresso_10.0.0_344/workspace/lpc_chip_8xx/Debug/liblpc_chip_8xx.a(clock_8xx.o)
 .debug_ranges  0x000003b0       0x28 /home/donald/Documents/MCUXpresso_10.0.0_344/workspace/lpc_chip_8xx/Debug/liblpc_chip_8xx.a(gpio_8xx.o)
 .debug_ranges  0x000003d8       0x50 /home/donald/Documents/MCUXpresso_10.0.0_344/workspace/lpc_chip_8xx/Debug/liblpc_chip_8xx.a(i2c_common_8xx.o)
 .debug_ranges  0x00000428       0x78 /home/donald/Documents/MCUXpresso_10.0.0_344/workspace/lpc_chip_8xx/Debug/liblpc_chip_8xx.a(i2cm_8xx.o)
 .debug_ranges  0x000004a0       0x80 /home/donald/Documents/MCUXpresso_10.0.0_344/workspace/lpc_chip_8xx/Debug/liblpc_chip_8xx.a(iocon_8xx.o)
 .debug_ranges  0x00000520       0x28 /home/donald/Documents/MCUXpresso_10.0.0_344/workspace/lpc_chip_8xx/Debug/liblpc_chip_8xx.a(swm_8xx.o)
 .debug_ranges  0x00000548       0x40 /home/donald/Documents/MCUXpresso_10.0.0_344/workspace/lpc_chip_8xx/Debug/liblpc_chip_8xx.a(sysinit_8xx.o)
 .debug_ranges  0x00000588       0xc8 /home/donald/Documents/MCUXpresso_10.0.0_344/workspace/lpc_chip_8xx/Debug/liblpc_chip_8xx.a(uart_8xx.o)
 .debug_ranges  0x00000650       0x48 /home/donald/Documents/MCUXpresso_10.0.0_344/workspace/lpc_chip_8xx/Debug/liblpc_chip_8xx.a(irc_8xx.o)
 .debug_ranges  0x00000698       0x28 /home/donald/Documents/MCUXpresso_10.0.0_344/workspace/lpc_chip_8xx/Debug/liblpc_chip_8xx.a(syscon_8xx.o)

.debug_macro    0x00000000     0x5216
 .debug_macro   0x00000000      0x247 ./src/SleepyZzz.o
 .debug_macro   0x00000247      0x844 ./src/SleepyZzz.o
 .debug_macro   0x00000a8b       0x10 ./src/SleepyZzz.o
 .debug_macro   0x00000a9b      0x12d ./src/SleepyZzz.o
 .debug_macro   0x00000bc8      0x5b2 ./src/SleepyZzz.o
 .debug_macro   0x0000117a       0x22 ./src/SleepyZzz.o
 .debug_macro   0x0000119c       0x7b ./src/SleepyZzz.o
 .debug_macro   0x00001217       0x10 ./src/SleepyZzz.o
 .debug_macro   0x00001227       0x28 ./src/SleepyZzz.o
 .debug_macro   0x0000124f       0x3a ./src/SleepyZzz.o
 .debug_macro   0x00001289       0x1f ./src/SleepyZzz.o
 .debug_macro   0x000012a8      0x250 ./src/SleepyZzz.o
 .debug_macro   0x000014f8      0x145 ./src/SleepyZzz.o
 .debug_macro   0x0000163d       0xca ./src/SleepyZzz.o
 .debug_macro   0x00001707       0x6a ./src/SleepyZzz.o
 .debug_macro   0x00001771       0x70 ./src/SleepyZzz.o
 .debug_macro   0x000017e1       0x28 ./src/SleepyZzz.o
 .debug_macro   0x00001809      0x190 ./src/SleepyZzz.o
 .debug_macro   0x00001999       0x24 ./src/SleepyZzz.o
 .debug_macro   0x000019bd       0x64 ./src/SleepyZzz.o
 .debug_macro   0x00001a21       0x10 ./src/SleepyZzz.o
 .debug_macro   0x00001a31       0x22 ./src/SleepyZzz.o
 .debug_macro   0x00001a53       0xb2 ./src/SleepyZzz.o
 .debug_macro   0x00001b05       0x58 ./src/SleepyZzz.o
 .debug_macro   0x00001b5d       0x58 ./src/SleepyZzz.o
 .debug_macro   0x00001bb5       0x6a ./src/SleepyZzz.o
 .debug_macro   0x00001c1f       0x82 ./src/SleepyZzz.o
 .debug_macro   0x00001ca1       0x16 ./src/SleepyZzz.o
 .debug_macro   0x00001cb7      0x131 ./src/SleepyZzz.o
 .debug_macro   0x00001de8       0x22 ./src/SleepyZzz.o
 .debug_macro   0x00001e0a       0x52 ./src/SleepyZzz.o
 .debug_macro   0x00001e5c      0x181 ./src/SleepyZzz.o
 .debug_macro   0x00001fdd      0x289 ./src/SleepyZzz.o
 .debug_macro   0x00002266      0x28b ./src/SleepyZzz.o
 .debug_macro   0x000024f1       0x2e ./src/SleepyZzz.o
 .debug_macro   0x0000251f       0x22 ./src/SleepyZzz.o
 .debug_macro   0x00002541       0x16 ./src/SleepyZzz.o
 .debug_macro   0x00002557       0x9a ./src/SleepyZzz.o
 .debug_macro   0x000025f1       0x20 ./src/SleepyZzz.o
 .debug_macro   0x00002611       0x82 ./src/SleepyZzz.o
 .debug_macro   0x00002693       0x16 ./src/SleepyZzz.o
 .debug_macro   0x000026a9       0x1d ./src/cr_startup_lpc8xx.o
 .debug_macro   0x000026c6       0x1a ./src/crp.o
 .debug_macro   0x000026e0       0x34 ./src/crp.o
 .debug_macro   0x00002714      0x22b ./src/i2c.o
 .debug_macro   0x0000293f      0x259 ./src/lcd.o
 .debug_macro   0x00002b98       0x28 ./src/lcd.o
 .debug_macro   0x00002bc0       0x74 ./src/lcd.o
 .debug_macro   0x00002c34       0x29 ./src/mtb.o
 .debug_macro   0x00002c5d       0x10 ./src/mtb.o
 .debug_macro   0x00002c6d      0x233 ./src/switch_matrix.o
 .debug_macro   0x00002ea0      0x215 ./src/sysinit.o
 .debug_macro   0x000030b5      0x232 /home/donald/Documents/MCUXpresso_10.0.0_344/workspace/lpc_board_lpc812max/Debug/liblpc_board_lpc812max.a(board.o)
 .debug_macro   0x000032e7      0x838 /home/donald/Documents/MCUXpresso_10.0.0_344/workspace/lpc_board_lpc812max/Debug/liblpc_board_lpc812max.a(board.o)
 .debug_macro   0x00003b1f       0x12 /home/donald/Documents/MCUXpresso_10.0.0_344/workspace/lpc_board_lpc812max/Debug/liblpc_board_lpc812max.a(board.o)
 .debug_macro   0x00003b31      0x215 /home/donald/Documents/MCUXpresso_10.0.0_344/workspace/lpc_board_lpc812max/Debug/liblpc_board_lpc812max.a(board_sysinit.o)
 .debug_macro   0x00003d46      0x1e0 /home/donald/Documents/MCUXpresso_10.0.0_344/workspace/lpc_chip_8xx/Debug/liblpc_chip_8xx.a(chip_8xx.o)
 .debug_macro   0x00003f26      0x1e0 /home/donald/Documents/MCUXpresso_10.0.0_344/workspace/lpc_chip_8xx/Debug/liblpc_chip_8xx.a(clock_8xx.o)
 .debug_macro   0x00004106      0x1e0 /home/donald/Documents/MCUXpresso_10.0.0_344/workspace/lpc_chip_8xx/Debug/liblpc_chip_8xx.a(gpio_8xx.o)
 .debug_macro   0x000042e6      0x1e0 /home/donald/Documents/MCUXpresso_10.0.0_344/workspace/lpc_chip_8xx/Debug/liblpc_chip_8xx.a(i2c_common_8xx.o)
 .debug_macro   0x000044c6      0x1e0 /home/donald/Documents/MCUXpresso_10.0.0_344/workspace/lpc_chip_8xx/Debug/liblpc_chip_8xx.a(i2cm_8xx.o)
 .debug_macro   0x000046a6      0x1e0 /home/donald/Documents/MCUXpresso_10.0.0_344/workspace/lpc_chip_8xx/Debug/liblpc_chip_8xx.a(iocon_8xx.o)
 .debug_macro   0x00004886      0x1ec /home/donald/Documents/MCUXpresso_10.0.0_344/workspace/lpc_chip_8xx/Debug/liblpc_chip_8xx.a(swm_8xx.o)
 .debug_macro   0x00004a72      0x1ec /home/donald/Documents/MCUXpresso_10.0.0_344/workspace/lpc_chip_8xx/Debug/liblpc_chip_8xx.a(sysinit_8xx.o)
 .debug_macro   0x00004c5e      0x1e0 /home/donald/Documents/MCUXpresso_10.0.0_344/workspace/lpc_chip_8xx/Debug/liblpc_chip_8xx.a(uart_8xx.o)
 .debug_macro   0x00004e3e      0x1e0 /home/donald/Documents/MCUXpresso_10.0.0_344/workspace/lpc_chip_8xx/Debug/liblpc_chip_8xx.a(irc_8xx.o)
 .debug_macro   0x0000501e      0x1f8 /home/donald/Documents/MCUXpresso_10.0.0_344/workspace/lpc_chip_8xx/Debug/liblpc_chip_8xx.a(syscon_8xx.o)

.debug_line     0x00000000     0x5548
 .debug_line    0x00000000      0x4ff ./src/SleepyZzz.o
 .debug_line    0x000004ff       0xb9 ./src/cr_startup_lpc8xx.o
 .debug_line    0x000005b8       0x7c ./src/crp.o
 .debug_line    0x00000634      0x5cb ./src/i2c.o
 .debug_line    0x00000bff      0x51d ./src/lcd.o
 .debug_line    0x0000111c       0x99 ./src/mtb.o
 .debug_line    0x000011b5      0x451 ./src/switch_matrix.o
 .debug_line    0x00001606      0x3fd ./src/sysinit.o
 .debug_line    0x00001a03      0x656 /home/donald/Documents/MCUXpresso_10.0.0_344/workspace/lpc_board_lpc812max/Debug/liblpc_board_lpc812max.a(board.o)
 .debug_line    0x00002059      0x45a /home/donald/Documents/MCUXpresso_10.0.0_344/workspace/lpc_board_lpc812max/Debug/liblpc_board_lpc812max.a(board_sysinit.o)
 .debug_line    0x000024b3      0x38a /home/donald/Documents/MCUXpresso_10.0.0_344/workspace/lpc_chip_8xx/Debug/liblpc_chip_8xx.a(chip_8xx.o)
 .debug_line    0x0000283d      0x5da /home/donald/Documents/MCUXpresso_10.0.0_344/workspace/lpc_chip_8xx/Debug/liblpc_chip_8xx.a(clock_8xx.o)
 .debug_line    0x00002e17      0x3c3 /home/donald/Documents/MCUXpresso_10.0.0_344/workspace/lpc_chip_8xx/Debug/liblpc_chip_8xx.a(gpio_8xx.o)
 .debug_line    0x000031da      0x437 /home/donald/Documents/MCUXpresso_10.0.0_344/workspace/lpc_chip_8xx/Debug/liblpc_chip_8xx.a(i2c_common_8xx.o)
 .debug_line    0x00003611      0x4e0 /home/donald/Documents/MCUXpresso_10.0.0_344/workspace/lpc_chip_8xx/Debug/liblpc_chip_8xx.a(i2cm_8xx.o)
 .debug_line    0x00003af1      0x4b4 /home/donald/Documents/MCUXpresso_10.0.0_344/workspace/lpc_chip_8xx/Debug/liblpc_chip_8xx.a(iocon_8xx.o)
 .debug_line    0x00003fa5      0x3ca /home/donald/Documents/MCUXpresso_10.0.0_344/workspace/lpc_chip_8xx/Debug/liblpc_chip_8xx.a(swm_8xx.o)
 .debug_line    0x0000436f      0x412 /home/donald/Documents/MCUXpresso_10.0.0_344/workspace/lpc_chip_8xx/Debug/liblpc_chip_8xx.a(sysinit_8xx.o)
 .debug_line    0x00004781      0x5ae /home/donald/Documents/MCUXpresso_10.0.0_344/workspace/lpc_chip_8xx/Debug/liblpc_chip_8xx.a(uart_8xx.o)
 .debug_line    0x00004d2f      0x452 /home/donald/Documents/MCUXpresso_10.0.0_344/workspace/lpc_chip_8xx/Debug/liblpc_chip_8xx.a(irc_8xx.o)
 .debug_line    0x00005181      0x3c7 /home/donald/Documents/MCUXpresso_10.0.0_344/workspace/lpc_chip_8xx/Debug/liblpc_chip_8xx.a(syscon_8xx.o)

.debug_str      0x00000000     0xd402
 .debug_str     0x00000000     0xa468 ./src/SleepyZzz.o
                               0xa520 (size before relaxing)
 .debug_str     0x0000a468      0x1a7 ./src/cr_startup_lpc8xx.o
                               0x252d (size before relaxing)
 .debug_str     0x0000a60f       0xe9 ./src/crp.o
                               0x2490 (size before relaxing)
 .debug_str     0x0000a6f8      0xa97 ./src/i2c.o
                               0xa7e1 (size before relaxing)
 .debug_str     0x0000b18f      0x22c ./src/lcd.o
                               0x9f56 (size before relaxing)
 .debug_str     0x0000b3bb       0xd0 ./src/mtb.o
                               0x28c1 (size before relaxing)
 .debug_str     0x0000b48b       0xc7 ./src/switch_matrix.o
                               0xa3e4 (size before relaxing)
 .debug_str     0x0000b552       0x11 ./src/sysinit.o
                               0x9ccf (size before relaxing)
 .debug_str     0x0000b563      0x44c /home/donald/Documents/MCUXpresso_10.0.0_344/workspace/lpc_board_lpc812max/Debug/liblpc_board_lpc812max.a(board.o)
                               0xa6ba (size before relaxing)
 .debug_str     0x0000b9af       0xc5 /home/donald/Documents/MCUXpresso_10.0.0_344/workspace/lpc_board_lpc812max/Debug/liblpc_board_lpc812max.a(board_sysinit.o)
                               0xa345 (size before relaxing)
 .debug_str     0x0000ba74       0x72 /home/donald/Documents/MCUXpresso_10.0.0_344/workspace/lpc_chip_8xx/Debug/liblpc_chip_8xx.a(chip_8xx.o)
                               0x99b4 (size before relaxing)
 .debug_str     0x0000bae6      0x746 /home/donald/Documents/MCUXpresso_10.0.0_344/workspace/lpc_chip_8xx/Debug/liblpc_chip_8xx.a(clock_8xx.o)
                               0xa380 (size before relaxing)
 .debug_str     0x0000c22c       0x32 /home/donald/Documents/MCUXpresso_10.0.0_344/workspace/lpc_chip_8xx/Debug/liblpc_chip_8xx.a(gpio_8xx.o)
                               0x9e2e (size before relaxing)
 .debug_str     0x0000c25e       0x54 /home/donald/Documents/MCUXpresso_10.0.0_344/workspace/lpc_chip_8xx/Debug/liblpc_chip_8xx.a(i2c_common_8xx.o)
                               0x9fc7 (size before relaxing)
 .debug_str     0x0000c2b2       0xbd /home/donald/Documents/MCUXpresso_10.0.0_344/workspace/lpc_chip_8xx/Debug/liblpc_chip_8xx.a(i2cm_8xx.o)
                               0x9bc2 (size before relaxing)
 .debug_str     0x0000c36f      0x2fc /home/donald/Documents/MCUXpresso_10.0.0_344/workspace/lpc_chip_8xx/Debug/liblpc_chip_8xx.a(iocon_8xx.o)
                               0x9eec (size before relaxing)
 .debug_str     0x0000c66b       0xe6 /home/donald/Documents/MCUXpresso_10.0.0_344/workspace/lpc_chip_8xx/Debug/liblpc_chip_8xx.a(swm_8xx.o)
                               0x9d8d (size before relaxing)
 .debug_str     0x0000c751      0x161 /home/donald/Documents/MCUXpresso_10.0.0_344/workspace/lpc_chip_8xx/Debug/liblpc_chip_8xx.a(sysinit_8xx.o)
                               0x9de8 (size before relaxing)
 .debug_str     0x0000c8b2      0x1e7 /home/donald/Documents/MCUXpresso_10.0.0_344/workspace/lpc_chip_8xx/Debug/liblpc_chip_8xx.a(uart_8xx.o)
                               0xa153 (size before relaxing)
 .debug_str     0x0000ca99      0x855 /home/donald/Documents/MCUXpresso_10.0.0_344/workspace/lpc_chip_8xx/Debug/liblpc_chip_8xx.a(irc_8xx.o)
                               0xa5f4 (size before relaxing)
 .debug_str     0x0000d2ee      0x114 /home/donald/Documents/MCUXpresso_10.0.0_344/workspace/lpc_chip_8xx/Debug/liblpc_chip_8xx.a(syscon_8xx.o)
                               0x9ca4 (size before relaxing)

.comment        0x00000000       0x6e
 .comment       0x00000000       0x6e ./src/SleepyZzz.o
                                 0x6f (size before relaxing)
 .comment       0x0000006e       0x6f ./src/cr_startup_lpc8xx.o
 .comment       0x0000006e       0x6f ./src/crp.o
 .comment       0x0000006e       0x6f ./src/i2c.o
 .comment       0x0000006e       0x6f ./src/lcd.o
 .comment       0x0000006e       0x6f ./src/mtb.o
 .comment       0x0000006e       0x6f ./src/switch_matrix.o
 .comment       0x0000006e       0x6f ./src/sysinit.o
 .comment       0x0000006e       0x6f /home/donald/Documents/MCUXpresso_10.0.0_344/workspace/lpc_board_lpc812max/Debug/liblpc_board_lpc812max.a(board.o)
 .comment       0x0000006e       0x6f /home/donald/Documents/MCUXpresso_10.0.0_344/workspace/lpc_board_lpc812max/Debug/liblpc_board_lpc812max.a(board_sysinit.o)
 .comment       0x0000006e       0x6f /home/donald/Documents/MCUXpresso_10.0.0_344/workspace/lpc_chip_8xx/Debug/liblpc_chip_8xx.a(chip_8xx.o)
 .comment       0x0000006e       0x6f /home/donald/Documents/MCUXpresso_10.0.0_344/workspace/lpc_chip_8xx/Debug/liblpc_chip_8xx.a(clock_8xx.o)
 .comment       0x0000006e       0x6f /home/donald/Documents/MCUXpresso_10.0.0_344/workspace/lpc_chip_8xx/Debug/liblpc_chip_8xx.a(gpio_8xx.o)
 .comment       0x0000006e       0x6f /home/donald/Documents/MCUXpresso_10.0.0_344/workspace/lpc_chip_8xx/Debug/liblpc_chip_8xx.a(i2c_common_8xx.o)
 .comment       0x0000006e       0x6f /home/donald/Documents/MCUXpresso_10.0.0_344/workspace/lpc_chip_8xx/Debug/liblpc_chip_8xx.a(i2cm_8xx.o)
 .comment       0x0000006e       0x6f /home/donald/Documents/MCUXpresso_10.0.0_344/workspace/lpc_chip_8xx/Debug/liblpc_chip_8xx.a(iocon_8xx.o)
 .comment       0x0000006e       0x6f /home/donald/Documents/MCUXpresso_10.0.0_344/workspace/lpc_chip_8xx/Debug/liblpc_chip_8xx.a(swm_8xx.o)
 .comment       0x0000006e       0x6f /home/donald/Documents/MCUXpresso_10.0.0_344/workspace/lpc_chip_8xx/Debug/liblpc_chip_8xx.a(sysinit_8xx.o)
 .comment       0x0000006e       0x6f /home/donald/Documents/MCUXpresso_10.0.0_344/workspace/lpc_chip_8xx/Debug/liblpc_chip_8xx.a(uart_8xx.o)
 .comment       0x0000006e       0x6f /home/donald/Documents/MCUXpresso_10.0.0_344/workspace/lpc_chip_8xx/Debug/liblpc_chip_8xx.a(irc_8xx.o)
 .comment       0x0000006e       0x6f /home/donald/Documents/MCUXpresso_10.0.0_344/workspace/lpc_chip_8xx/Debug/liblpc_chip_8xx.a(syscon_8xx.o)
 .comment       0x0000006e       0x6f /usr/local/mcuxpressoide-10.0.0_344/ide/tools/bin/../lib/gcc/arm-none-eabi/5.4.1/../../../../arm-none-eabi/lib/armv6-m/libcr_c.a(__weak__main.o)

.ARM.attributes
                0x00000000       0x2f
 .ARM.attributes
                0x00000000       0x31 ./src/SleepyZzz.o
 .ARM.attributes
                0x00000031       0x31 ./src/cr_startup_lpc8xx.o
 .ARM.attributes
                0x00000062       0x31 ./src/crp.o
 .ARM.attributes
                0x00000093       0x31 ./src/i2c.o
 .ARM.attributes
                0x000000c4       0x31 ./src/lcd.o
 .ARM.attributes
                0x000000f5       0x31 ./src/mtb.o
 .ARM.attributes
                0x00000126       0x31 ./src/switch_matrix.o
 .ARM.attributes
                0x00000157       0x31 ./src/sysinit.o
 .ARM.attributes
                0x00000188       0x31 /home/donald/Documents/MCUXpresso_10.0.0_344/workspace/lpc_board_lpc812max/Debug/liblpc_board_lpc812max.a(board.o)
 .ARM.attributes
                0x000001b9       0x31 /home/donald/Documents/MCUXpresso_10.0.0_344/workspace/lpc_board_lpc812max/Debug/liblpc_board_lpc812max.a(board_sysinit.o)
 .ARM.attributes
                0x000001ea       0x31 /home/donald/Documents/MCUXpresso_10.0.0_344/workspace/lpc_chip_8xx/Debug/liblpc_chip_8xx.a(chip_8xx.o)
 .ARM.attributes
                0x0000021b       0x31 /home/donald/Documents/MCUXpresso_10.0.0_344/workspace/lpc_chip_8xx/Debug/liblpc_chip_8xx.a(clock_8xx.o)
 .ARM.attributes
                0x0000024c       0x31 /home/donald/Documents/MCUXpresso_10.0.0_344/workspace/lpc_chip_8xx/Debug/liblpc_chip_8xx.a(gpio_8xx.o)
 .ARM.attributes
                0x0000027d       0x31 /home/donald/Documents/MCUXpresso_10.0.0_344/workspace/lpc_chip_8xx/Debug/liblpc_chip_8xx.a(i2c_common_8xx.o)
 .ARM.attributes
                0x000002ae       0x31 /home/donald/Documents/MCUXpresso_10.0.0_344/workspace/lpc_chip_8xx/Debug/liblpc_chip_8xx.a(i2cm_8xx.o)
 .ARM.attributes
                0x000002df       0x31 /home/donald/Documents/MCUXpresso_10.0.0_344/workspace/lpc_chip_8xx/Debug/liblpc_chip_8xx.a(iocon_8xx.o)
 .ARM.attributes
                0x00000310       0x31 /home/donald/Documents/MCUXpresso_10.0.0_344/workspace/lpc_chip_8xx/Debug/liblpc_chip_8xx.a(swm_8xx.o)
 .ARM.attributes
                0x00000341       0x31 /home/donald/Documents/MCUXpresso_10.0.0_344/workspace/lpc_chip_8xx/Debug/liblpc_chip_8xx.a(sysinit_8xx.o)
 .ARM.attributes
                0x00000372       0x31 /home/donald/Documents/MCUXpresso_10.0.0_344/workspace/lpc_chip_8xx/Debug/liblpc_chip_8xx.a(uart_8xx.o)
 .ARM.attributes
                0x000003a3       0x31 /home/donald/Documents/MCUXpresso_10.0.0_344/workspace/lpc_chip_8xx/Debug/liblpc_chip_8xx.a(irc_8xx.o)
 .ARM.attributes
                0x000003d4       0x31 /home/donald/Documents/MCUXpresso_10.0.0_344/workspace/lpc_chip_8xx/Debug/liblpc_chip_8xx.a(syscon_8xx.o)
 .ARM.attributes
                0x00000405       0x31 /usr/local/mcuxpressoide-10.0.0_344/ide/tools/bin/../lib/gcc/arm-none-eabi/5.4.1/../../../../arm-none-eabi/lib/armv6-m/libcr_c.a(__weak__main.o)
 .ARM.attributes
                0x00000436       0x21 /usr/local/mcuxpressoide-10.0.0_344/ide/tools/bin/../lib/gcc/arm-none-eabi/5.4.1/armv6-m/libcr_eabihelpers.a(division_32.o)
 .ARM.attributes
                0x00000457       0x21 /usr/local/mcuxpressoide-10.0.0_344/ide/tools/bin/../lib/gcc/arm-none-eabi/5.4.1/armv6-m/libcr_eabihelpers.a(division_64.o)
 .ARM.attributes
                0x00000478       0x21 /usr/local/mcuxpressoide-10.0.0_344/ide/tools/bin/../lib/gcc/arm-none-eabi/5.4.1/armv6-m/libcr_eabihelpers.a(division_idiv0.o)

.debug_frame    0x00000000     0x1938
 .debug_frame   0x00000000       0xc8 ./src/SleepyZzz.o
 .debug_frame   0x000000c8      0x118 ./src/cr_startup_lpc8xx.o
 .debug_frame   0x000001e0      0x260 ./src/i2c.o
 .debug_frame   0x00000440      0x180 ./src/lcd.o
 .debug_frame   0x000005c0       0x8c ./src/switch_matrix.o
 .debug_frame   0x0000064c       0x2c ./src/sysinit.o
 .debug_frame   0x00000678      0x304 /home/donald/Documents/MCUXpresso_10.0.0_344/workspace/lpc_board_lpc812max/Debug/liblpc_board_lpc812max.a(board.o)
 .debug_frame   0x0000097c       0xa4 /home/donald/Documents/MCUXpresso_10.0.0_344/workspace/lpc_board_lpc812max/Debug/liblpc_board_lpc812max.a(board_sysinit.o)
 .debug_frame   0x00000a20       0x2c /home/donald/Documents/MCUXpresso_10.0.0_344/workspace/lpc_chip_8xx/Debug/liblpc_chip_8xx.a(chip_8xx.o)
 .debug_frame   0x00000a4c      0x354 /home/donald/Documents/MCUXpresso_10.0.0_344/workspace/lpc_chip_8xx/Debug/liblpc_chip_8xx.a(clock_8xx.o)
 .debug_frame   0x00000da0       0x90 /home/donald/Documents/MCUXpresso_10.0.0_344/workspace/lpc_chip_8xx/Debug/liblpc_chip_8xx.a(gpio_8xx.o)
 .debug_frame   0x00000e30      0x130 /home/donald/Documents/MCUXpresso_10.0.0_344/workspace/lpc_chip_8xx/Debug/liblpc_chip_8xx.a(i2c_common_8xx.o)
 .debug_frame   0x00000f60      0x1d0 /home/donald/Documents/MCUXpresso_10.0.0_344/workspace/lpc_chip_8xx/Debug/liblpc_chip_8xx.a(i2cm_8xx.o)
 .debug_frame   0x00001130      0x1f0 /home/donald/Documents/MCUXpresso_10.0.0_344/workspace/lpc_chip_8xx/Debug/liblpc_chip_8xx.a(iocon_8xx.o)
 .debug_frame   0x00001320       0x90 /home/donald/Documents/MCUXpresso_10.0.0_344/workspace/lpc_chip_8xx/Debug/liblpc_chip_8xx.a(swm_8xx.o)
 .debug_frame   0x000013b0       0xe0 /home/donald/Documents/MCUXpresso_10.0.0_344/workspace/lpc_chip_8xx/Debug/liblpc_chip_8xx.a(sysinit_8xx.o)
 .debug_frame   0x00001490      0x310 /home/donald/Documents/MCUXpresso_10.0.0_344/workspace/lpc_chip_8xx/Debug/liblpc_chip_8xx.a(uart_8xx.o)
 .debug_frame   0x000017a0      0x108 /home/donald/Documents/MCUXpresso_10.0.0_344/workspace/lpc_chip_8xx/Debug/liblpc_chip_8xx.a(irc_8xx.o)
 .debug_frame   0x000018a8       0x90 /home/donald/Documents/MCUXpresso_10.0.0_344/workspace/lpc_chip_8xx/Debug/liblpc_chip_8xx.a(syscon_8xx.o)
