Archive member included to satisfy reference by file (symbol)

/home/donald/Documents/MCUXpresso_10.0.0_344/workspace/lpc_board_lpc812max/Debug/liblpc_board_lpc812max.a(board.o)
                              ./src/SleepyZzz.o (Board_LED_Set)
/home/donald/Documents/MCUXpresso_10.0.0_344/workspace/lpc_board_lpc812max/Debug/liblpc_board_lpc812max.a(board_sysinit.o)
                              ./src/sysinit.o (Board_SystemInit)
/home/donald/Documents/MCUXpresso_10.0.0_344/workspace/lpc_chip_8xx/Debug/liblpc_chip_8xx.a(chip_8xx.o)
                              ./src/SleepyZzz.o (SystemCoreClock)
/home/donald/Documents/MCUXpresso_10.0.0_344/workspace/lpc_chip_8xx/Debug/liblpc_chip_8xx.a(clock_8xx.o)
                              /home/donald/Documents/MCUXpresso_10.0.0_344/workspace/lpc_board_lpc812max/Debug/liblpc_board_lpc812max.a(board_sysinit.o) (Chip_Clock_SetCLKOUTSource)
/home/donald/Documents/MCUXpresso_10.0.0_344/workspace/lpc_chip_8xx/Debug/liblpc_chip_8xx.a(gpio_8xx.o)
                              /home/donald/Documents/MCUXpresso_10.0.0_344/workspace/lpc_board_lpc812max/Debug/liblpc_board_lpc812max.a(board.o) (Chip_GPIO_Init)
/home/donald/Documents/MCUXpresso_10.0.0_344/workspace/lpc_chip_8xx/Debug/liblpc_chip_8xx.a(i2c_common_8xx.o)
                              ./src/i2c.o (Chip_I2C_Init)
/home/donald/Documents/MCUXpresso_10.0.0_344/workspace/lpc_chip_8xx/Debug/liblpc_chip_8xx.a(i2cm_8xx.o)
                              ./src/i2c.o (Chip_I2CM_SetBusSpeed)
/home/donald/Documents/MCUXpresso_10.0.0_344/workspace/lpc_chip_8xx/Debug/liblpc_chip_8xx.a(swm_8xx.o)
                              ./src/i2c.o (Chip_SWM_MovablePinAssign)
/home/donald/Documents/MCUXpresso_10.0.0_344/workspace/lpc_chip_8xx/Debug/liblpc_chip_8xx.a(sysinit_8xx.o)
                              /home/donald/Documents/MCUXpresso_10.0.0_344/workspace/lpc_board_lpc812max/Debug/liblpc_board_lpc812max.a(board_sysinit.o) (Chip_SetupIrcClocking)
/home/donald/Documents/MCUXpresso_10.0.0_344/workspace/lpc_chip_8xx/Debug/liblpc_chip_8xx.a(uart_8xx.o)
                              /home/donald/Documents/MCUXpresso_10.0.0_344/workspace/lpc_board_lpc812max/Debug/liblpc_board_lpc812max.a(board.o) (Chip_UART_Init)
/home/donald/Documents/MCUXpresso_10.0.0_344/workspace/lpc_chip_8xx/Debug/liblpc_chip_8xx.a(irc_8xx.o)
                              /home/donald/Documents/MCUXpresso_10.0.0_344/workspace/lpc_chip_8xx/Debug/liblpc_chip_8xx.a(sysinit_8xx.o) (Chip_IRC_SetFreq)
/home/donald/Documents/MCUXpresso_10.0.0_344/workspace/lpc_chip_8xx/Debug/liblpc_chip_8xx.a(ring_buffer.o)
                              /home/donald/Documents/MCUXpresso_10.0.0_344/workspace/lpc_chip_8xx/Debug/liblpc_chip_8xx.a(uart_8xx.o) (RingBuffer_Insert)
/home/donald/Documents/MCUXpresso_10.0.0_344/workspace/lpc_chip_8xx/Debug/liblpc_chip_8xx.a(syscon_8xx.o)
                              /home/donald/Documents/MCUXpresso_10.0.0_344/workspace/lpc_chip_8xx/Debug/liblpc_chip_8xx.a(sysinit_8xx.o) (Chip_SYSCTL_PowerDown)
/usr/local/mcuxpressoide-10.0.0_344/ide/tools/bin/../lib/gcc/arm-none-eabi/5.4.1/../../../../arm-none-eabi/lib/armv6-m/libcr_c.a(memcpy.o)
                              /home/donald/Documents/MCUXpresso_10.0.0_344/workspace/lpc_chip_8xx/Debug/liblpc_chip_8xx.a(ring_buffer.o) (memcpy)
/usr/local/mcuxpressoide-10.0.0_344/ide/tools/bin/../lib/gcc/arm-none-eabi/5.4.1/../../../../arm-none-eabi/lib/armv6-m/libcr_c.a(__weak__main.o)
                              ./src/cr_startup_lpc8xx.o (__main)
/usr/local/mcuxpressoide-10.0.0_344/ide/tools/bin/../lib/gcc/arm-none-eabi/5.4.1/armv6-m/libcr_eabihelpers.a(division_32.o)
                              /home/donald/Documents/MCUXpresso_10.0.0_344/workspace/lpc_board_lpc812max/Debug/liblpc_board_lpc812max.a(board.o) (__aeabi_idiv)
/usr/local/mcuxpressoide-10.0.0_344/ide/tools/bin/../lib/gcc/arm-none-eabi/5.4.1/armv6-m/libcr_eabihelpers.a(division_64.o)
                              /home/donald/Documents/MCUXpresso_10.0.0_344/workspace/lpc_chip_8xx/Debug/liblpc_chip_8xx.a(clock_8xx.o) (__aeabi_uldivmod)
/usr/local/mcuxpressoide-10.0.0_344/ide/tools/bin/../lib/gcc/arm-none-eabi/5.4.1/armv6-m/libcr_eabihelpers.a(division_idiv0.o)
                              /usr/local/mcuxpressoide-10.0.0_344/ide/tools/bin/../lib/gcc/arm-none-eabi/5.4.1/armv6-m/libcr_eabihelpers.a(division_32.o) (__aeabi_idiv0)
/usr/local/mcuxpressoide-10.0.0_344/ide/tools/bin/../lib/gcc/arm-none-eabi/5.4.1/armv6-m/libcr_eabihelpers.a(memcpy.o)
                              /usr/local/mcuxpressoide-10.0.0_344/ide/tools/bin/../lib/gcc/arm-none-eabi/5.4.1/../../../../arm-none-eabi/lib/armv6-m/libcr_c.a(memcpy.o) (__aeabi_memcpy)

Allocating common symbols
Common symbol       size              file

SystemCoreClock     0x4               /home/donald/Documents/MCUXpresso_10.0.0_344/workspace/lpc_chip_8xx/Debug/liblpc_chip_8xx.a(chip_8xx.o)

Discarded input sections

 .group         0x00000000        0x8 ./src/SleepyZzz.o
[...]
Memory Configuration

Name             Origin             Length             Attributes
MFlash16         0x00000000         0x00004000         xr
RamLoc4          0x10000000         0x00001000         xrw
*default*        0x00000000         0xffffffff

Linker script and memory map

LOAD ./src/SleepyZzz.o
LOAD ./src/cr_startup_lpc8xx.o
LOAD ./src/crp.o
LOAD ./src/i2c.o
LOAD ./src/lcd.o
LOAD ./src/mtb.o
LOAD ./src/sysinit.o
LOAD /home/donald/Documents/MCUXpresso_10.0.0_344/workspace/lpc_board_lpc812max/Debug/liblpc_board_lpc812max.a
LOAD /home/donald/Documents/MCUXpresso_10.0.0_344/workspace/lpc_chip_8xx/Debug/liblpc_chip_8xx.a
START GROUP
LOAD /usr/local/mcuxpressoide-10.0.0_344/ide/tools/bin/../lib/gcc/arm-none-eabi/5.4.1/../../../../arm-none-eabi/lib/armv6-m/libcr_c.a
LOAD /usr/local/mcuxpressoide-10.0.0_344/ide/tools/bin/../lib/gcc/arm-none-eabi/5.4.1/armv6-m/libcr_eabihelpers.a
END GROUP
                0x00000000                __base_MFlash16 = 0x0
                0x00000000                __base_Flash = 0x0
                0x00004000                __top_MFlash16 = 0x4000
                0x00004000                __top_Flash = 0x4000
                0x10000000                __base_RamLoc4 = 0x10000000
                0x10000000                __base_RAM = 0x10000000
                0x10001000                __top_RamLoc4 = 0x10001000
                0x10001000                __top_RAM = 0x10001000

.text           0x00000000     0x1e8c
 FILL mask 0xff
                0x00000000                __vectors_start__ = ABSOLUTE (.)
 *(.isr_vector)
 .isr_vector    0x00000000       0xc0 ./src/cr_startup_lpc8xx.o
                0x00000000                g_pfnVectors
                0x000000c0                . = ALIGN (0x4)
                0x000000c0                __section_table_start = .
                0x000000c0                __data_section_table = .
                0x000000c0        0x4 LONG 0x1e8c LOADADDR (.data)
                0x000000c4        0x4 LONG 0x10000100 ADDR (.data)
                0x000000c8        0x4 LONG 0x0 SIZEOF (.data)
                0x000000cc                __data_section_table_end = .
                0x000000cc                __bss_section_table = .
                0x000000cc        0x4 LONG 0x10000100 ADDR (.bss)
                0x000000d0        0x4 LONG 0x3c SIZEOF (.bss)
                0x000000d4                __bss_section_table_end = .
                0x000000d4                __section_table_end = .
 *(.after_vectors*)
 .after_vectors
                0x000000d4      0x124 ./src/cr_startup_lpc8xx.o
                0x000000d4                data_init
                0x00000114                bss_init
                0x00000148                ResetISR
                0x000001c8                NMI_Handler
                0x000001d0                HardFault_Handler
                0x000001d8                SVC_Handler
                0x000001e0                PendSV_Handler
                0x000001f0                CMP_IRQHandler
                0x000001f0                PININT7_IRQHandler
                0x000001f0                WKT_IRQHandler
                0x000001f0                PININT2_IRQHandler
                0x000001f0                PININT1_IRQHandler
                0x000001f0                MRT_IRQHandler
                0x000001f0                UART1_IRQHandler
                0x000001f0                UART0_IRQHandler
                0x000001f0                SPI1_IRQHandler
                0x000001f0                IntDefaultHandler
                0x000001f0                PININT3_IRQHandler
                0x000001f0                UART2_IRQHandler
                0x000001f0                PININT5_IRQHandler
                0x000001f0                PININT4_IRQHandler
                0x000001f0                PININT0_IRQHandler
                0x000001f0                BOD_IRQHandler
                0x000001f0                SCT_IRQHandler
                0x000001f0                WDT_IRQHandler
                0x000001f0                PININT6_IRQHandler
                0x000001f0                SPI0_IRQHandler
                0x000002fc                . = 0x2fc
 *fill*         0x000001f8      0x104 ff
                0x000002fc                PROVIDE (__CRP_WORD_START__, .)
 *(.crp)
 .crp           0x000002fc        0x4 ./src/crp.o
                0x000002fc                CRP_WORD
                0x00000300                PROVIDE (__CRP_WORD_END__, .)
                0x00000001                ASSERT (! ((__CRP_WORD_START__ == __CRP_WORD_END__)), Linker CRP Enabled, but no CRP_WORD provided within application)
 *(.text*)
 .text.NVIC_EnableIRQ
                0x00000300       0x2c ./src/SleepyZzz.o
 .text.NVIC_SetPriority
                0x0000032c       0xdc ./src/SleepyZzz.o
 .text.SysTick_Config
                0x00000408       0x48 ./src/SleepyZzz.o
 .text.SysTick_Handler
                0x00000450       0x14 ./src/SleepyZzz.o
                0x00000450                SysTick_Handler
 .text.main     0x00000464       0x50 ./src/SleepyZzz.o
                0x00000464                main
 .text.Chip_Clock_EnablePeriphClock
                0x000004b4       0x38 ./src/i2c.o
 .text.Chip_Clock_DisablePeriphClock
                0x000004ec       0x3c ./src/i2c.o
 .text.Chip_I2C_SetClockDiv
                0x00000528       0x34 ./src/i2c.o
 .text.Chip_I2CM_Enable
                0x0000055c       0x20 ./src/i2c.o
 .text.I2C_IRQHandler
                0x0000057c       0x20 ./src/i2c.o
                0x0000057c                I2C_IRQHandler
 .text.Init_I2C_PinMux
                0x0000059c       0x28 ./src/i2c.o
                0x0000059c                Init_I2C_PinMux
 .text.setupI2CMaster
                0x000005c4       0x38 ./src/i2c.o
                0x000005c4                setupI2CMaster
 .text.SetupXferRecAndExecute
                0x000005fc       0x68 ./src/i2c.o
                0x000005fc                SetupXferRecAndExecute
 .text.turn_off_lcd
                0x00000664       0x34 ./src/lcd.o
                0x00000664                turn_off_lcd
 .text.LCD_print_string
                0x00000698       0x10 ./src/lcd.o
                0x00000698                LCD_print_string
 .text.SystemInit
                0x000006a8       0x10 ./src/sysinit.o
                0x000006a8                SystemInit
 .text.Chip_Clock_EnablePeriphClock
                0x000006b8       0x38 /home/donald/Documents/MCUXpresso_10.0.0_344/workspace/lpc_board_lpc812max/Debug/liblpc_board_lpc812max.a(board.o)
 .text.Chip_Clock_DisablePeriphClock
                0x000006f0       0x3c /home/donald/Documents/MCUXpresso_10.0.0_344/workspace/lpc_board_lpc812max/Debug/liblpc_board_lpc812max.a(board.o)
 .text.Chip_Clock_SetUARTClockDiv
                0x0000072c       0x1c /home/donald/Documents/MCUXpresso_10.0.0_344/workspace/lpc_board_lpc812max/Debug/liblpc_board_lpc812max.a(board.o)
 .text.Chip_SWM_DisableFixedPin
                0x00000748       0x3c /home/donald/Documents/MCUXpresso_10.0.0_344/workspace/lpc_board_lpc812max/Debug/liblpc_board_lpc812max.a(board.o)
 .text.Chip_GPIO_SetPinState
                0x00000784       0x40 /home/donald/Documents/MCUXpresso_10.0.0_344/workspace/lpc_board_lpc812max/Debug/liblpc_board_lpc812max.a(board.o)
 .text.Chip_GPIO_SetPinDIROutput
                0x000007c4       0x50 /home/donald/Documents/MCUXpresso_10.0.0_344/workspace/lpc_board_lpc812max/Debug/liblpc_board_lpc812max.a(board.o)
 .text.Chip_GPIO_SetPinToggle
                0x00000814       0x40 /home/donald/Documents/MCUXpresso_10.0.0_344/workspace/lpc_board_lpc812max/Debug/liblpc_board_lpc812max.a(board.o)
 .text.Chip_UART_Enable
                0x00000854       0x24 /home/donald/Documents/MCUXpresso_10.0.0_344/workspace/lpc_board_lpc812max/Debug/liblpc_board_lpc812max.a(board.o)
 .text.Chip_UART_TXEnable
                0x00000878       0x20 /home/donald/Documents/MCUXpresso_10.0.0_344/workspace/lpc_board_lpc812max/Debug/liblpc_board_lpc812max.a(board.o)
 .text.Chip_UART_ConfigData
                0x00000898       0x2c /home/donald/Documents/MCUXpresso_10.0.0_344/workspace/lpc_board_lpc812max/Debug/liblpc_board_lpc812max.a(board.o)
 .text.Board_LED_Init
                0x000008c4       0x4c /home/donald/Documents/MCUXpresso_10.0.0_344/workspace/lpc_board_lpc812max/Debug/liblpc_board_lpc812max.a(board.o)
 .text.Board_UART_Init
                0x00000910       0x34 /home/donald/Documents/MCUXpresso_10.0.0_344/workspace/lpc_board_lpc812max/Debug/liblpc_board_lpc812max.a(board.o)
 .text.Board_LED_Set
                0x00000944       0x48 /home/donald/Documents/MCUXpresso_10.0.0_344/workspace/lpc_board_lpc812max/Debug/liblpc_board_lpc812max.a(board.o)
                0x00000944                Board_LED_Set
 .text.Board_LED_Toggle
                0x0000098c       0x34 /home/donald/Documents/MCUXpresso_10.0.0_344/workspace/lpc_board_lpc812max/Debug/liblpc_board_lpc812max.a(board.o)
                0x0000098c                Board_LED_Toggle
 .text.Board_Debug_Init
                0x000009c0       0x50 /home/donald/Documents/MCUXpresso_10.0.0_344/workspace/lpc_board_lpc812max/Debug/liblpc_board_lpc812max.a(board.o)
                0x000009c0                Board_Debug_Init
 .text.Board_Init
                0x00000a10       0x1c /home/donald/Documents/MCUXpresso_10.0.0_344/workspace/lpc_board_lpc812max/Debug/liblpc_board_lpc812max.a(board.o)
                0x00000a10                Board_Init
 .text.Chip_Clock_EnablePeriphClock
                0x00000a2c       0x38 /home/donald/Documents/MCUXpresso_10.0.0_344/workspace/lpc_board_lpc812max/Debug/liblpc_board_lpc812max.a(board_sysinit.o)
 .text.Chip_Clock_DisablePeriphClock
                0x00000a64       0x3c /home/donald/Documents/MCUXpresso_10.0.0_344/workspace/lpc_board_lpc812max/Debug/liblpc_board_lpc812max.a(board_sysinit.o)
 .text.Board_SetupMuxing
                0x00000aa0       0x4c /home/donald/Documents/MCUXpresso_10.0.0_344/workspace/lpc_board_lpc812max/Debug/liblpc_board_lpc812max.a(board_sysinit.o)
                0x00000aa0                Board_SetupMuxing
 .text.Board_SetupClocking
                0x00000aec       0x18 /home/donald/Documents/MCUXpresso_10.0.0_344/workspace/lpc_board_lpc812max/Debug/liblpc_board_lpc812max.a(board_sysinit.o)
                0x00000aec                Board_SetupClocking
 .text.Board_SystemInit
                0x00000b04       0x14 /home/donald/Documents/MCUXpresso_10.0.0_344/workspace/lpc_board_lpc812max/Debug/liblpc_board_lpc812max.a(board_sysinit.o)
                0x00000b04                Board_SystemInit
 .text.SystemCoreClockUpdate
                0x00000b18       0x18 /home/donald/Documents/MCUXpresso_10.0.0_344/workspace/lpc_chip_8xx/Debug/liblpc_chip_8xx.a(chip_8xx.o)
                0x00000b18                SystemCoreClockUpdate
 .text.Chip_SYSCTL_AssertPeriphReset
                0x00000b30       0x38 /home/donald/Documents/MCUXpresso_10.0.0_344/workspace/lpc_chip_8xx/Debug/liblpc_chip_8xx.a(clock_8xx.o)
 .text.Chip_SYSCTL_DeassertPeriphReset
                0x00000b68       0x34 /home/donald/Documents/MCUXpresso_10.0.0_344/workspace/lpc_chip_8xx/Debug/liblpc_chip_8xx.a(clock_8xx.o)
 .text.Chip_SYSCTL_PeriphReset
                0x00000b9c       0x28 /home/donald/Documents/MCUXpresso_10.0.0_344/workspace/lpc_chip_8xx/Debug/liblpc_chip_8xx.a(clock_8xx.o)
 .text.Chip_Clock_SetUARTClockDiv
                0x00000bc4       0x1c /home/donald/Documents/MCUXpresso_10.0.0_344/workspace/lpc_chip_8xx/Debug/liblpc_chip_8xx.a(clock_8xx.o)
 .text.Chip_Clock_GetUARTClockDiv
                0x00000be0       0x18 /home/donald/Documents/MCUXpresso_10.0.0_344/workspace/lpc_chip_8xx/Debug/liblpc_chip_8xx.a(clock_8xx.o)
 .text.Chip_SYSCTL_SetUSARTFRGDivider
                0x00000bf8       0x24 /home/donald/Documents/MCUXpresso_10.0.0_344/workspace/lpc_chip_8xx/Debug/liblpc_chip_8xx.a(clock_8xx.o)
 .text.Chip_SYSCTL_GetUSARTFRGDivider
                0x00000c1c       0x18 /home/donald/Documents/MCUXpresso_10.0.0_344/workspace/lpc_chip_8xx/Debug/liblpc_chip_8xx.a(clock_8xx.o)
 .text.Chip_SYSCTL_SetUSARTFRGMultiplier
                0x00000c34       0x24 /home/donald/Documents/MCUXpresso_10.0.0_344/workspace/lpc_chip_8xx/Debug/liblpc_chip_8xx.a(clock_8xx.o)
 .text.Chip_SYSCTL_GetUSARTFRGMultiplier
                0x00000c58       0x18 /home/donald/Documents/MCUXpresso_10.0.0_344/workspace/lpc_chip_8xx/Debug/liblpc_chip_8xx.a(clock_8xx.o)
 .text.Chip_Clock_GetMainOscRate
                0x00000c70       0x14 /home/donald/Documents/MCUXpresso_10.0.0_344/workspace/lpc_chip_8xx/Debug/liblpc_chip_8xx.a(clock_8xx.o)
 .text.Chip_Clock_GetIntOscRate
                0x00000c84       0x10 /home/donald/Documents/MCUXpresso_10.0.0_344/workspace/lpc_chip_8xx/Debug/liblpc_chip_8xx.a(clock_8xx.o)
 .text.Chip_Clock_GetExtClockInRate
                0x00000c94       0x14 /home/donald/Documents/MCUXpresso_10.0.0_344/workspace/lpc_chip_8xx/Debug/liblpc_chip_8xx.a(clock_8xx.o)
 .text.Chip_Clock_GetWDTLFORate
                0x00000ca8       0x48 /home/donald/Documents/MCUXpresso_10.0.0_344/workspace/lpc_chip_8xx/Debug/liblpc_chip_8xx.a(clock_8xx.o)
 .text.Chip_Clock_GetPLLFreq
                0x00000cf0       0x24 /home/donald/Documents/MCUXpresso_10.0.0_344/workspace/lpc_chip_8xx/Debug/liblpc_chip_8xx.a(clock_8xx.o)
 .text.Chip_Clock_SetSystemPLLSource
                0x00000d14       0x2c /home/donald/Documents/MCUXpresso_10.0.0_344/workspace/lpc_chip_8xx/Debug/liblpc_chip_8xx.a(clock_8xx.o)
                0x00000d14                Chip_Clock_SetSystemPLLSource
 .text.Chip_Clock_SetMainClockSource
                0x00000d40       0x2c /home/donald/Documents/MCUXpresso_10.0.0_344/workspace/lpc_chip_8xx/Debug/liblpc_chip_8xx.a(clock_8xx.o)
                0x00000d40                Chip_Clock_SetMainClockSource
 .text.Chip_Clock_SetCLKOUTSource
                0x00000d6c       0x3c /home/donald/Documents/MCUXpresso_10.0.0_344/workspace/lpc_chip_8xx/Debug/liblpc_chip_8xx.a(clock_8xx.o)
                0x00000d6c                Chip_Clock_SetCLKOUTSource
 .text.Chip_Clock_GetWDTOSCRate
                0x00000da8       0x20 /home/donald/Documents/MCUXpresso_10.0.0_344/workspace/lpc_chip_8xx/Debug/liblpc_chip_8xx.a(clock_8xx.o)
                0x00000da8                Chip_Clock_GetWDTOSCRate
 .text.Chip_Clock_GetSystemPLLInClockRate
                0x00000dc8       0x50 /home/donald/Documents/MCUXpresso_10.0.0_344/workspace/lpc_chip_8xx/Debug/liblpc_chip_8xx.a(clock_8xx.o)
                0x00000dc8                Chip_Clock_GetSystemPLLInClockRate
 .text.Chip_Clock_GetSystemPLLOutClockRate
                0x00000e18       0x28 /home/donald/Documents/MCUXpresso_10.0.0_344/workspace/lpc_chip_8xx/Debug/liblpc_chip_8xx.a(clock_8xx.o)
                0x00000e18                Chip_Clock_GetSystemPLLOutClockRate
 .text.Chip_Clock_GetMainClockRate
                0x00000e40       0x64 /home/donald/Documents/MCUXpresso_10.0.0_344/workspace/lpc_chip_8xx/Debug/liblpc_chip_8xx.a(clock_8xx.o)
                0x00000e40                Chip_Clock_GetMainClockRate
 .text.Chip_Clock_GetSystemClockRate
                0x00000ea4       0x24 /home/donald/Documents/MCUXpresso_10.0.0_344/workspace/lpc_chip_8xx/Debug/liblpc_chip_8xx.a(clock_8xx.o)
                0x00000ea4                Chip_Clock_GetSystemClockRate
 .text.Chip_Clock_GetUSARTNBaseClockRate
                0x00000ec8       0x84 /home/donald/Documents/MCUXpresso_10.0.0_344/workspace/lpc_chip_8xx/Debug/liblpc_chip_8xx.a(clock_8xx.o)
                0x00000ec8                Chip_Clock_GetUSARTNBaseClockRate
 .text.Chip_Clock_SetUSARTNBaseClockRate
                0x00000f4c       0x84 /home/donald/Documents/MCUXpresso_10.0.0_344/workspace/lpc_chip_8xx/Debug/liblpc_chip_8xx.a(clock_8xx.o)
                0x00000f4c                Chip_Clock_SetUSARTNBaseClockRate
 .text.Chip_Clock_EnablePeriphClock
                0x00000fd0       0x38 /home/donald/Documents/MCUXpresso_10.0.0_344/workspace/lpc_chip_8xx/Debug/liblpc_chip_8xx.a(gpio_8xx.o)
 .text.Chip_GPIO_Init
                0x00001008       0x18 /home/donald/Documents/MCUXpresso_10.0.0_344/workspace/lpc_chip_8xx/Debug/liblpc_chip_8xx.a(gpio_8xx.o)
                0x00001008                Chip_GPIO_Init
 .text.Chip_SYSCTL_AssertPeriphReset
                0x00001020       0x38 /home/donald/Documents/MCUXpresso_10.0.0_344/workspace/lpc_chip_8xx/Debug/liblpc_chip_8xx.a(i2c_common_8xx.o)
 .text.Chip_SYSCTL_DeassertPeriphReset
                0x00001058       0x34 /home/donald/Documents/MCUXpresso_10.0.0_344/workspace/lpc_chip_8xx/Debug/liblpc_chip_8xx.a(i2c_common_8xx.o)
 .text.Chip_SYSCTL_PeriphReset
                0x0000108c       0x28 /home/donald/Documents/MCUXpresso_10.0.0_344/workspace/lpc_chip_8xx/Debug/liblpc_chip_8xx.a(i2c_common_8xx.o)
 .text.Chip_Clock_EnablePeriphClock
                0x000010b4       0x38 /home/donald/Documents/MCUXpresso_10.0.0_344/workspace/lpc_chip_8xx/Debug/liblpc_chip_8xx.a(i2c_common_8xx.o)
 .text.I2C_GetResetID
                0x000010ec       0x44 /home/donald/Documents/MCUXpresso_10.0.0_344/workspace/lpc_chip_8xx/Debug/liblpc_chip_8xx.a(i2c_common_8xx.o)
 .text.I2C_GetClockID
                0x00001130       0x44 /home/donald/Documents/MCUXpresso_10.0.0_344/workspace/lpc_chip_8xx/Debug/liblpc_chip_8xx.a(i2c_common_8xx.o)
 .text.Chip_I2C_Init
                0x00001174       0x30 /home/donald/Documents/MCUXpresso_10.0.0_344/workspace/lpc_chip_8xx/Debug/liblpc_chip_8xx.a(i2c_common_8xx.o)
                0x00001174                Chip_I2C_Init
 .text.Chip_I2C_GetClockDiv
                0x000011a4       0x1c /home/donald/Documents/MCUXpresso_10.0.0_344/workspace/lpc_chip_8xx/Debug/liblpc_chip_8xx.a(i2cm_8xx.o)
 .text.Chip_I2CM_GetStatus
                0x000011c0       0x1c /home/donald/Documents/MCUXpresso_10.0.0_344/workspace/lpc_chip_8xx/Debug/liblpc_chip_8xx.a(i2cm_8xx.o)
 .text.Chip_I2CM_ClearStatus
                0x000011dc       0x1c /home/donald/Documents/MCUXpresso_10.0.0_344/workspace/lpc_chip_8xx/Debug/liblpc_chip_8xx.a(i2cm_8xx.o)
 .text.Chip_I2CM_IsMasterPending
                0x000011f8       0x20 /home/donald/Documents/MCUXpresso_10.0.0_344/workspace/lpc_chip_8xx/Debug/liblpc_chip_8xx.a(i2cm_8xx.o)
 .text.Chip_I2CM_GetMasterState
                0x00001218       0x1c /home/donald/Documents/MCUXpresso_10.0.0_344/workspace/lpc_chip_8xx/Debug/liblpc_chip_8xx.a(i2cm_8xx.o)
 .text.Chip_I2CM_SendStart
                0x00001234       0x18 /home/donald/Documents/MCUXpresso_10.0.0_344/workspace/lpc_chip_8xx/Debug/liblpc_chip_8xx.a(i2cm_8xx.o)
 .text.Chip_I2CM_SendStop
                0x0000124c       0x18 /home/donald/Documents/MCUXpresso_10.0.0_344/workspace/lpc_chip_8xx/Debug/liblpc_chip_8xx.a(i2cm_8xx.o)
 .text.Chip_I2CM_MasterContinue
                0x00001264       0x18 /home/donald/Documents/MCUXpresso_10.0.0_344/workspace/lpc_chip_8xx/Debug/liblpc_chip_8xx.a(i2cm_8xx.o)
 .text.Chip_I2CM_WriteByte
                0x0000127c       0x20 /home/donald/Documents/MCUXpresso_10.0.0_344/workspace/lpc_chip_8xx/Debug/liblpc_chip_8xx.a(i2cm_8xx.o)
 .text.Chip_I2CM_SetDutyCycle
                0x0000129c       0x7c /home/donald/Documents/MCUXpresso_10.0.0_344/workspace/lpc_chip_8xx/Debug/liblpc_chip_8xx.a(i2cm_8xx.o)
 .text.Chip_I2CM_SetBusSpeed
                0x00001318       0x50 /home/donald/Documents/MCUXpresso_10.0.0_344/workspace/lpc_chip_8xx/Debug/liblpc_chip_8xx.a(i2cm_8xx.o)
                0x00001318                Chip_I2CM_SetBusSpeed
 .text.Chip_I2CM_XferHandler
                0x00001368      0x164 /home/donald/Documents/MCUXpresso_10.0.0_344/workspace/lpc_chip_8xx/Debug/liblpc_chip_8xx.a(i2cm_8xx.o)
                0x00001368                Chip_I2CM_XferHandler
 .text.Chip_I2CM_Xfer
                0x000014cc       0x50 /home/donald/Documents/MCUXpresso_10.0.0_344/workspace/lpc_chip_8xx/Debug/liblpc_chip_8xx.a(i2cm_8xx.o)
                0x000014cc                Chip_I2CM_Xfer
 .text.Chip_I2CM_XferBlocking
                0x0000151c       0x54 /home/donald/Documents/MCUXpresso_10.0.0_344/workspace/lpc_chip_8xx/Debug/liblpc_chip_8xx.a(i2cm_8xx.o)
                0x0000151c                Chip_I2CM_XferBlocking
 .text.Chip_SWM_MovablePinAssign
                0x00001570       0x64 /home/donald/Documents/MCUXpresso_10.0.0_344/workspace/lpc_chip_8xx/Debug/liblpc_chip_8xx.a(swm_8xx.o)
                0x00001570                Chip_SWM_MovablePinAssign
 .text.Chip_SetupIrcClocking
                0x000015d4       0x20 /home/donald/Documents/MCUXpresso_10.0.0_344/workspace/lpc_chip_8xx/Debug/liblpc_chip_8xx.a(sysinit_8xx.o)
                0x000015d4                Chip_SetupIrcClocking
 .text.Chip_SYSCTL_AssertPeriphReset
                0x000015f4       0x38 /home/donald/Documents/MCUXpresso_10.0.0_344/workspace/lpc_chip_8xx/Debug/liblpc_chip_8xx.a(uart_8xx.o)
 .text.Chip_SYSCTL_DeassertPeriphReset
                0x0000162c       0x34 /home/donald/Documents/MCUXpresso_10.0.0_344/workspace/lpc_chip_8xx/Debug/liblpc_chip_8xx.a(uart_8xx.o)
 .text.Chip_SYSCTL_PeriphReset
                0x00001660       0x28 /home/donald/Documents/MCUXpresso_10.0.0_344/workspace/lpc_chip_8xx/Debug/liblpc_chip_8xx.a(uart_8xx.o)
 .text.Chip_Clock_EnablePeriphClock
                0x00001688       0x38 /home/donald/Documents/MCUXpresso_10.0.0_344/workspace/lpc_chip_8xx/Debug/liblpc_chip_8xx.a(uart_8xx.o)
 .text.getUARTClockID
                0x000016c0       0x34 /home/donald/Documents/MCUXpresso_10.0.0_344/workspace/lpc_chip_8xx/Debug/liblpc_chip_8xx.a(uart_8xx.o)
 .text.Chip_UART_Init
                0x000016f4       0x50 /home/donald/Documents/MCUXpresso_10.0.0_344/workspace/lpc_chip_8xx/Debug/liblpc_chip_8xx.a(uart_8xx.o)
                0x000016f4                Chip_UART_Init
 .text.Chip_UART_SetBaud
                0x00001744       0x30 /home/donald/Documents/MCUXpresso_10.0.0_344/workspace/lpc_chip_8xx/Debug/liblpc_chip_8xx.a(uart_8xx.o)
                0x00001744                Chip_UART_SetBaud
 .text.Chip_Clock_SetupSystemPLL
                0x00001774       0x38 /home/donald/Documents/MCUXpresso_10.0.0_344/workspace/lpc_chip_8xx/Debug/liblpc_chip_8xx.a(irc_8xx.o)
 .text.Chip_Clock_IsSystemPLLLocked
                0x000017ac       0x1c /home/donald/Documents/MCUXpresso_10.0.0_344/workspace/lpc_chip_8xx/Debug/liblpc_chip_8xx.a(irc_8xx.o)
 .text.Chip_Clock_SetSysClockDiv
                0x000017c8       0x1c /home/donald/Documents/MCUXpresso_10.0.0_344/workspace/lpc_chip_8xx/Debug/liblpc_chip_8xx.a(irc_8xx.o)
 .text.Chip_FMC_SetFLASHAccess
                0x000017e4       0x2c /home/donald/Documents/MCUXpresso_10.0.0_344/workspace/lpc_chip_8xx/Debug/liblpc_chip_8xx.a(irc_8xx.o)
 .text.pll_config
                0x00001810       0x6c /home/donald/Documents/MCUXpresso_10.0.0_344/workspace/lpc_chip_8xx/Debug/liblpc_chip_8xx.a(irc_8xx.o)
 .text.Chip_IRC_SetFreq
                0x0000187c       0xf4 /home/donald/Documents/MCUXpresso_10.0.0_344/workspace/lpc_chip_8xx/Debug/liblpc_chip_8xx.a(irc_8xx.o)
                0x0000187c                Chip_IRC_SetFreq
 .text.Chip_SYSCTL_PowerDown
                0x00001970       0x44 /home/donald/Documents/MCUXpresso_10.0.0_344/workspace/lpc_chip_8xx/Debug/liblpc_chip_8xx.a(syscon_8xx.o)
                0x00001970                Chip_SYSCTL_PowerDown
 .text.Chip_SYSCTL_PowerUp
                0x000019b4       0x48 /home/donald/Documents/MCUXpresso_10.0.0_344/workspace/lpc_chip_8xx/Debug/liblpc_chip_8xx.a(syscon_8xx.o)
                0x000019b4                Chip_SYSCTL_PowerUp
 .text.__weak_main
                0x000019fc        0x8 /usr/local/mcuxpressoide-10.0.0_344/ide/tools/bin/../lib/gcc/arm-none-eabi/5.4.1/../../../../arm-none-eabi/lib/armv6-m/libcr_c.a(__weak__main.o)
                0x000019fc                __main
                0x000019fc                __weak_main
 .text.__aeabi_division_idivmod
                0x00001a04       0x78 /usr/local/mcuxpressoide-10.0.0_344/ide/tools/bin/../lib/gcc/arm-none-eabi/5.4.1/armv6-m/libcr_eabihelpers.a(division_32.o)
                0x00001a04                __aeabi_idiv
                0x00001a04                __aeabi_idivmod
                0x00001a0a                __aeabi_uidiv
                0x00001a0a                __aeabi_uidivmod
 .text.__aeabi_division_uldivmod
                0x00001a7c       0x5a /usr/local/mcuxpressoide-10.0.0_344/ide/tools/bin/../lib/gcc/arm-none-eabi/5.4.1/armv6-m/libcr_eabihelpers.a(division_64.o)
                0x00001a7c                __aeabi_uldivmod
 .text.__aeabi_division_idiv0
                0x00001ad6        0x2 /usr/local/mcuxpressoide-10.0.0_344/ide/tools/bin/../lib/gcc/arm-none-eabi/5.4.1/armv6-m/libcr_eabihelpers.a(division_idiv0.o)
                0x00001ad6                __aeabi_idiv0
 *(.rodata .rodata.* .constdata .constdata.*)
 .rodata.ledBits
                0x00001ad8        0x3 /home/donald/Documents/MCUXpresso_10.0.0_344/workspace/lpc_board_lpc812max/Debug/liblpc_board_lpc812max.a(board.o)
 *fill*         0x00001adb        0x1 ff
 .rodata.OscRateIn
                0x00001adc        0x4 /home/donald/Documents/MCUXpresso_10.0.0_344/workspace/lpc_board_lpc812max/Debug/liblpc_board_lpc812max.a(board.o)
                0x00001adc                OscRateIn
 .rodata.ExtRateIn
                0x00001ae0        0x4 /home/donald/Documents/MCUXpresso_10.0.0_344/workspace/lpc_board_lpc812max/Debug/liblpc_board_lpc812max.a(board.o)
                0x00001ae0                ExtRateIn
 .rodata.wdtOSCRate
                0x00001ae4       0x40 /home/donald/Documents/MCUXpresso_10.0.0_344/workspace/lpc_chip_8xx/Debug/liblpc_chip_8xx.a(clock_8xx.o)
 .rodata.Chip_I2CM_XferHandler
                0x00001b24       0x14 /home/donald/Documents/MCUXpresso_10.0.0_344/workspace/lpc_chip_8xx/Debug/liblpc_chip_8xx.a(i2cm_8xx.o)
 .rodata.config_tab
                0x00001b38      0x354 /home/donald/Documents/MCUXpresso_10.0.0_344/workspace/lpc_chip_8xx/Debug/liblpc_chip_8xx.a(irc_8xx.o)
                0x00001e8c                . = ALIGN (0x4)

.glue_7         0x00001e8c        0x0
 .glue_7        0x00001e8c        0x0 linker stubs

.glue_7t        0x00001e8c        0x0
 .glue_7t       0x00001e8c        0x0 linker stubs

.vfp11_veneer   0x00001e8c        0x0
 .vfp11_veneer  0x00001e8c        0x0 linker stubs

.v4_bx          0x00001e8c        0x0
 .v4_bx         0x00001e8c        0x0 linker stubs

.iplt           0x00001e8c        0x0
 .iplt          0x00001e8c        0x0 ./src/SleepyZzz.o

.rel.dyn        0x00001e8c        0x0
 .rel.iplt      0x00001e8c        0x0 ./src/SleepyZzz.o

.ARM.extab
 *(.ARM.extab* .gnu.linkonce.armextab.*)
                0x00001e8c                __exidx_start = .

.ARM.exidx
 *(.ARM.exidx* .gnu.linkonce.armexidx.*)
                0x00001e8c                __exidx_end = .
                0x00001e8c                _etext = .

.mtb_buffer_default
                0x10000000      0x100
 *(.mtb*)
 .mtb.$RAM1     0x10000000      0x100 ./src/mtb.o
                0x10000000                __mtb_buffer__

.uninit_RESERVED
                0x10000100        0x0
 *(.bss.$RESERVED*)
                0x10000100                . = ALIGN (0x4)
                0x10000100                _end_uninit_RESERVED = .

.data           0x10000100        0x0 load address 0x00001e8c
 FILL mask 0xff
                0x10000100                _data = .
 *(vtable)
 *(.ramfunc*)
 *(.data*)
                0x10000100                . = ALIGN (0x4)
                0x10000100                _edata = .

.igot.plt       0x10000100        0x0 load address 0x00001e8c
 .igot.plt      0x10000100        0x0 ./src/SleepyZzz.o

.bss            0x10000100       0x3c load address 0x00001e8c
                0x10000100                _bss = .
 *(.bss*)
 .bss.i.6678    0x10000100        0x4 ./src/SleepyZzz.o
 .bss.i2cmXferRec
                0x10000104       0x10 ./src/i2c.o
 .bss.txData    0x10000114       0x10 ./src/lcd.o
 .bss.rxData    0x10000124       0x10 ./src/lcd.o
 .bss.config_tab_idx
                0x10000134        0x2 /home/donald/Documents/MCUXpresso_10.0.0_344/workspace/lpc_chip_8xx/Debug/liblpc_chip_8xx.a(irc_8xx.o)
 *(COMMON)
 *fill*         0x10000136        0x2 
 COMMON         0x10000138        0x4 /home/donald/Documents/MCUXpresso_10.0.0_344/workspace/lpc_chip_8xx/Debug/liblpc_chip_8xx.a(chip_8xx.o)
                0x10000138                SystemCoreClock
                0x1000013c                . = ALIGN (0x4)
                0x1000013c                _ebss = .
                [!provide]                PROVIDE (end, .)

.noinit         0x1000013c        0x0 load address 0x00001e8c
                0x1000013c                _noinit = .
 *(.noinit*)
                0x1000013c                . = ALIGN (0x4)
                0x1000013c                _end_noinit = .
                [!provide]                PROVIDE (_pvHeapStart, DEFINED (__user_heap_base)?__user_heap_base:.)
                0x10001000                PROVIDE (_vStackTop, DEFINED (__user_stack_top)?__user_stack_top:(__top_RamLoc4 - 0x0))
                0xefffeb1d                PROVIDE (__valid_user_code_checksum, (0x0 - (((_vStackTop + (ResetISR + 0x1)) + (DEFINED (NMI_Handler)?NMI_Handler:M0_NMI_Handler + 0x1)) + (DEFINED (HardFault_Handler)?HardFault_Handler:M0_HardFault_Handler + 0x1))))
OUTPUT(SleepyZzz.axf elf32-littlearm)

.debug_info     0x00000000     0x6c0f
 .debug_info    0x00000000      0x49e ./src/SleepyZzz.o
 .debug_info    0x0000049e      0x203 ./src/cr_startup_lpc8xx.o
 .debug_info    0x000006a1       0x3f ./src/crp.o
 .debug_info    0x000006e0      0x933 ./src/i2c.o
 .debug_info    0x00001013       0xe7 ./src/lcd.o
 .debug_info    0x000010fa       0x51 ./src/mtb.o
 .debug_info    0x0000114b       0xc3 ./src/sysinit.o
 .debug_info    0x0000120e      0xce7 /home/donald/Documents/MCUXpresso_10.0.0_344/workspace/lpc_board_lpc812max/Debug/liblpc_board_lpc812max.a(board.o)
 .debug_info    0x00001ef5      0x6af /home/donald/Documents/MCUXpresso_10.0.0_344/workspace/lpc_board_lpc812max/Debug/liblpc_board_lpc812max.a(board_sysinit.o)
 .debug_info    0x000025a4       0xcd /home/donald/Documents/MCUXpresso_10.0.0_344/workspace/lpc_chip_8xx/Debug/liblpc_chip_8xx.a(chip_8xx.o)
 .debug_info    0x00002671      0xa81 /home/donald/Documents/MCUXpresso_10.0.0_344/workspace/lpc_chip_8xx/Debug/liblpc_chip_8xx.a(clock_8xx.o)
 .debug_info    0x000030f2      0x665 /home/donald/Documents/MCUXpresso_10.0.0_344/workspace/lpc_chip_8xx/Debug/liblpc_chip_8xx.a(gpio_8xx.o)
 .debug_info    0x00003757      0x7bc /home/donald/Documents/MCUXpresso_10.0.0_344/workspace/lpc_chip_8xx/Debug/liblpc_chip_8xx.a(i2c_common_8xx.o)
 .debug_info    0x00003f13      0x525 /home/donald/Documents/MCUXpresso_10.0.0_344/workspace/lpc_chip_8xx/Debug/liblpc_chip_8xx.a(i2cm_8xx.o)
 .debug_info    0x00004438      0x349 /home/donald/Documents/MCUXpresso_10.0.0_344/workspace/lpc_chip_8xx/Debug/liblpc_chip_8xx.a(swm_8xx.o)
 .debug_info    0x00004781      0x5ea /home/donald/Documents/MCUXpresso_10.0.0_344/workspace/lpc_chip_8xx/Debug/liblpc_chip_8xx.a(sysinit_8xx.o)
 .debug_info    0x00004d6b      0xbc6 /home/donald/Documents/MCUXpresso_10.0.0_344/workspace/lpc_chip_8xx/Debug/liblpc_chip_8xx.a(uart_8xx.o)
 .debug_info    0x00005931      0xe4f /home/donald/Documents/MCUXpresso_10.0.0_344/workspace/lpc_chip_8xx/Debug/liblpc_chip_8xx.a(irc_8xx.o)
 .debug_info    0x00006780      0x48f /home/donald/Documents/MCUXpresso_10.0.0_344/workspace/lpc_chip_8xx/Debug/liblpc_chip_8xx.a(syscon_8xx.o)

.debug_abbrev   0x00000000     0x1679
 .debug_abbrev  0x00000000      0x173 ./src/SleepyZzz.o
 .debug_abbrev  0x00000173       0xe6 ./src/cr_startup_lpc8xx.o
 .debug_abbrev  0x00000259       0x36 ./src/crp.o
 .debug_abbrev  0x0000028f      0x16a ./src/i2c.o
 .debug_abbrev  0x000003f9       0x87 ./src/lcd.o
 .debug_abbrev  0x00000480       0x41 ./src/mtb.o
 .debug_abbrev  0x000004c1       0x6a ./src/sysinit.o
 .debug_abbrev  0x0000052b      0x213 /home/donald/Documents/MCUXpresso_10.0.0_344/workspace/lpc_board_lpc812max/Debug/liblpc_board_lpc812max.a(board.o)
 .debug_abbrev  0x0000073e       0xfc /home/donald/Documents/MCUXpresso_10.0.0_344/workspace/lpc_board_lpc812max/Debug/liblpc_board_lpc812max.a(board_sysinit.o)
 .debug_abbrev  0x0000083a       0x7b /home/donald/Documents/MCUXpresso_10.0.0_344/workspace/lpc_chip_8xx/Debug/liblpc_chip_8xx.a(chip_8xx.o)
 .debug_abbrev  0x000008b5      0x272 /home/donald/Documents/MCUXpresso_10.0.0_344/workspace/lpc_chip_8xx/Debug/liblpc_chip_8xx.a(clock_8xx.o)
 .debug_abbrev  0x00000b27      0x127 /home/donald/Documents/MCUXpresso_10.0.0_344/workspace/lpc_chip_8xx/Debug/liblpc_chip_8xx.a(gpio_8xx.o)
 .debug_abbrev  0x00000c4e      0x19c /home/donald/Documents/MCUXpresso_10.0.0_344/workspace/lpc_chip_8xx/Debug/liblpc_chip_8xx.a(i2c_common_8xx.o)
 .debug_abbrev  0x00000dea      0x15d /home/donald/Documents/MCUXpresso_10.0.0_344/workspace/lpc_chip_8xx/Debug/liblpc_chip_8xx.a(i2cm_8xx.o)
 .debug_abbrev  0x00000f47      0x138 /home/donald/Documents/MCUXpresso_10.0.0_344/workspace/lpc_chip_8xx/Debug/liblpc_chip_8xx.a(swm_8xx.o)
 .debug_abbrev  0x0000107f      0x141 /home/donald/Documents/MCUXpresso_10.0.0_344/workspace/lpc_chip_8xx/Debug/liblpc_chip_8xx.a(sysinit_8xx.o)
 .debug_abbrev  0x000011c0      0x1f6 /home/donald/Documents/MCUXpresso_10.0.0_344/workspace/lpc_chip_8xx/Debug/liblpc_chip_8xx.a(uart_8xx.o)
 .debug_abbrev  0x000013b6      0x1f5 /home/donald/Documents/MCUXpresso_10.0.0_344/workspace/lpc_chip_8xx/Debug/liblpc_chip_8xx.a(irc_8xx.o)
 .debug_abbrev  0x000015ab       0xce /home/donald/Documents/MCUXpresso_10.0.0_344/workspace/lpc_chip_8xx/Debug/liblpc_chip_8xx.a(syscon_8xx.o)

.debug_aranges  0x00000000      0x6b8
 .debug_aranges
                0x00000000       0x40 ./src/SleepyZzz.o
 .debug_aranges
                0x00000040       0x60 ./src/cr_startup_lpc8xx.o
 .debug_aranges
                0x000000a0       0x18 ./src/crp.o
 .debug_aranges
                0x000000b8       0x60 ./src/i2c.o
 .debug_aranges
                0x00000118       0x30 ./src/lcd.o
 .debug_aranges
                0x00000148       0x18 ./src/mtb.o
 .debug_aranges
                0x00000160       0x20 ./src/sysinit.o
 .debug_aranges
                0x00000180       0xd8 /home/donald/Documents/MCUXpresso_10.0.0_344/workspace/lpc_board_lpc812max/Debug/liblpc_board_lpc812max.a(board.o)
 .debug_aranges
                0x00000258       0x40 /home/donald/Documents/MCUXpresso_10.0.0_344/workspace/lpc_board_lpc812max/Debug/liblpc_board_lpc812max.a(board_sysinit.o)
 .debug_aranges
                0x00000298       0x20 /home/donald/Documents/MCUXpresso_10.0.0_344/workspace/lpc_chip_8xx/Debug/liblpc_chip_8xx.a(chip_8xx.o)
 .debug_aranges
                0x000002b8       0xf0 /home/donald/Documents/MCUXpresso_10.0.0_344/workspace/lpc_chip_8xx/Debug/liblpc_chip_8xx.a(clock_8xx.o)
 .debug_aranges
                0x000003a8       0x38 /home/donald/Documents/MCUXpresso_10.0.0_344/workspace/lpc_chip_8xx/Debug/liblpc_chip_8xx.a(gpio_8xx.o)
 .debug_aranges
                0x000003e0       0x60 /home/donald/Documents/MCUXpresso_10.0.0_344/workspace/lpc_chip_8xx/Debug/liblpc_chip_8xx.a(i2c_common_8xx.o)
 .debug_aranges
                0x00000440       0x88 /home/donald/Documents/MCUXpresso_10.0.0_344/workspace/lpc_chip_8xx/Debug/liblpc_chip_8xx.a(i2cm_8xx.o)
 .debug_aranges
                0x000004c8       0x38 /home/donald/Documents/MCUXpresso_10.0.0_344/workspace/lpc_chip_8xx/Debug/liblpc_chip_8xx.a(swm_8xx.o)
 .debug_aranges
                0x00000500       0x50 /home/donald/Documents/MCUXpresso_10.0.0_344/workspace/lpc_chip_8xx/Debug/liblpc_chip_8xx.a(sysinit_8xx.o)
 .debug_aranges
                0x00000550       0xd8 /home/donald/Documents/MCUXpresso_10.0.0_344/workspace/lpc_chip_8xx/Debug/liblpc_chip_8xx.a(uart_8xx.o)
 .debug_aranges
                0x00000628       0x58 /home/donald/Documents/MCUXpresso_10.0.0_344/workspace/lpc_chip_8xx/Debug/liblpc_chip_8xx.a(irc_8xx.o)
 .debug_aranges
                0x00000680       0x38 /home/donald/Documents/MCUXpresso_10.0.0_344/workspace/lpc_chip_8xx/Debug/liblpc_chip_8xx.a(syscon_8xx.o)

.debug_ranges   0x00000000      0x578
 .debug_ranges  0x00000000       0x30 ./src/SleepyZzz.o
 .debug_ranges  0x00000030       0x50 ./src/cr_startup_lpc8xx.o
 .debug_ranges  0x00000080       0x50 ./src/i2c.o
 .debug_ranges  0x000000d0       0x20 ./src/lcd.o
 .debug_ranges  0x000000f0       0x10 ./src/sysinit.o
 .debug_ranges  0x00000100       0xc8 /home/donald/Documents/MCUXpresso_10.0.0_344/workspace/lpc_board_lpc812max/Debug/liblpc_board_lpc812max.a(board.o)
 .debug_ranges  0x000001c8       0x30 /home/donald/Documents/MCUXpresso_10.0.0_344/workspace/lpc_board_lpc812max/Debug/liblpc_board_lpc812max.a(board_sysinit.o)
 .debug_ranges  0x000001f8       0x10 /home/donald/Documents/MCUXpresso_10.0.0_344/workspace/lpc_chip_8xx/Debug/liblpc_chip_8xx.a(chip_8xx.o)
 .debug_ranges  0x00000208       0xe0 /home/donald/Documents/MCUXpresso_10.0.0_344/workspace/lpc_chip_8xx/Debug/liblpc_chip_8xx.a(clock_8xx.o)
 .debug_ranges  0x000002e8       0x28 /home/donald/Documents/MCUXpresso_10.0.0_344/workspace/lpc_chip_8xx/Debug/liblpc_chip_8xx.a(gpio_8xx.o)
 .debug_ranges  0x00000310       0x50 /home/donald/Documents/MCUXpresso_10.0.0_344/workspace/lpc_chip_8xx/Debug/liblpc_chip_8xx.a(i2c_common_8xx.o)
 .debug_ranges  0x00000360       0x78 /home/donald/Documents/MCUXpresso_10.0.0_344/workspace/lpc_chip_8xx/Debug/liblpc_chip_8xx.a(i2cm_8xx.o)
 .debug_ranges  0x000003d8       0x28 /home/donald/Documents/MCUXpresso_10.0.0_344/workspace/lpc_chip_8xx/Debug/liblpc_chip_8xx.a(swm_8xx.o)
 .debug_ranges  0x00000400       0x40 /home/donald/Documents/MCUXpresso_10.0.0_344/workspace/lpc_chip_8xx/Debug/liblpc_chip_8xx.a(sysinit_8xx.o)
 .debug_ranges  0x00000440       0xc8 /home/donald/Documents/MCUXpresso_10.0.0_344/workspace/lpc_chip_8xx/Debug/liblpc_chip_8xx.a(uart_8xx.o)
 .debug_ranges  0x00000508       0x48 /home/donald/Documents/MCUXpresso_10.0.0_344/workspace/lpc_chip_8xx/Debug/liblpc_chip_8xx.a(irc_8xx.o)
 .debug_ranges  0x00000550       0x28 /home/donald/Documents/MCUXpresso_10.0.0_344/workspace/lpc_chip_8xx/Debug/liblpc_chip_8xx.a(syscon_8xx.o)

.debug_macro    0x00000000     0x4b59
 .debug_macro   0x00000000      0x238 ./src/SleepyZzz.o
 .debug_macro   0x00000238      0x844 ./src/SleepyZzz.o
 .debug_macro   0x00000a7c       0x10 ./src/SleepyZzz.o
 .debug_macro   0x00000a8c      0x12d ./src/SleepyZzz.o
 .debug_macro   0x00000bb9      0x5b2 ./src/SleepyZzz.o
 .debug_macro   0x0000116b       0x22 ./src/SleepyZzz.o
 .debug_macro   0x0000118d       0x7b ./src/SleepyZzz.o
 .debug_macro   0x00001208       0x10 ./src/SleepyZzz.o
 .debug_macro   0x00001218       0x28 ./src/SleepyZzz.o
 .debug_macro   0x00001240       0x3a ./src/SleepyZzz.o
 .debug_macro   0x0000127a       0x1f ./src/SleepyZzz.o
 .debug_macro   0x00001299      0x250 ./src/SleepyZzz.o
 .debug_macro   0x000014e9      0x145 ./src/SleepyZzz.o
 .debug_macro   0x0000162e       0xca ./src/SleepyZzz.o
 .debug_macro   0x000016f8       0x6a ./src/SleepyZzz.o
 .debug_macro   0x00001762       0x70 ./src/SleepyZzz.o
 .debug_macro   0x000017d2       0x28 ./src/SleepyZzz.o
 .debug_macro   0x000017fa      0x190 ./src/SleepyZzz.o
 .debug_macro   0x0000198a       0x24 ./src/SleepyZzz.o
 .debug_macro   0x000019ae       0x64 ./src/SleepyZzz.o
 .debug_macro   0x00001a12       0x10 ./src/SleepyZzz.o
 .debug_macro   0x00001a22       0x22 ./src/SleepyZzz.o
 .debug_macro   0x00001a44       0xb2 ./src/SleepyZzz.o
 .debug_macro   0x00001af6       0x58 ./src/SleepyZzz.o
 .debug_macro   0x00001b4e       0x58 ./src/SleepyZzz.o
 .debug_macro   0x00001ba6       0x6a ./src/SleepyZzz.o
 .debug_macro   0x00001c10       0x82 ./src/SleepyZzz.o
 .debug_macro   0x00001c92       0x16 ./src/SleepyZzz.o
 .debug_macro   0x00001ca8      0x131 ./src/SleepyZzz.o
 .debug_macro   0x00001dd9       0x22 ./src/SleepyZzz.o
 .debug_macro   0x00001dfb       0x52 ./src/SleepyZzz.o
 .debug_macro   0x00001e4d      0x181 ./src/SleepyZzz.o
 .debug_macro   0x00001fce      0x289 ./src/SleepyZzz.o
 .debug_macro   0x00002257      0x28b ./src/SleepyZzz.o
 .debug_macro   0x000024e2       0x2e ./src/SleepyZzz.o
 .debug_macro   0x00002510       0x22 ./src/SleepyZzz.o
 .debug_macro   0x00002532       0x16 ./src/SleepyZzz.o
 .debug_macro   0x00002548       0x9a ./src/SleepyZzz.o
 .debug_macro   0x000025e2       0x20 ./src/SleepyZzz.o
 .debug_macro   0x00002602       0x82 ./src/SleepyZzz.o
 .debug_macro   0x00002684       0x1d ./src/cr_startup_lpc8xx.o
 .debug_macro   0x000026a1       0x1a ./src/crp.o
 .debug_macro   0x000026bb       0x34 ./src/crp.o
 .debug_macro   0x000026ef      0x249 ./src/i2c.o
 .debug_macro   0x00002938       0x52 ./src/lcd.o
 .debug_macro   0x0000298a       0x29 ./src/mtb.o
 .debug_macro   0x000029b3       0x10 ./src/mtb.o
 .debug_macro   0x000029c3      0x215 ./src/sysinit.o
 .debug_macro   0x00002bd8      0x232 /home/donald/Documents/MCUXpresso_10.0.0_344/workspace/lpc_board_lpc812max/Debug/liblpc_board_lpc812max.a(board.o)
 .debug_macro   0x00002e0a      0x838 /home/donald/Documents/MCUXpresso_10.0.0_344/workspace/lpc_board_lpc812max/Debug/liblpc_board_lpc812max.a(board.o)
 .debug_macro   0x00003642       0x12 /home/donald/Documents/MCUXpresso_10.0.0_344/workspace/lpc_board_lpc812max/Debug/liblpc_board_lpc812max.a(board.o)
 .debug_macro   0x00003654      0x215 /home/donald/Documents/MCUXpresso_10.0.0_344/workspace/lpc_board_lpc812max/Debug/liblpc_board_lpc812max.a(board_sysinit.o)
 .debug_macro   0x00003869      0x1e0 /home/donald/Documents/MCUXpresso_10.0.0_344/workspace/lpc_chip_8xx/Debug/liblpc_chip_8xx.a(chip_8xx.o)
 .debug_macro   0x00003a49      0x1e0 /home/donald/Documents/MCUXpresso_10.0.0_344/workspace/lpc_chip_8xx/Debug/liblpc_chip_8xx.a(clock_8xx.o)
 .debug_macro   0x00003c29      0x1e0 /home/donald/Documents/MCUXpresso_10.0.0_344/workspace/lpc_chip_8xx/Debug/liblpc_chip_8xx.a(gpio_8xx.o)
 .debug_macro   0x00003e09      0x1e0 /home/donald/Documents/MCUXpresso_10.0.0_344/workspace/lpc_chip_8xx/Debug/liblpc_chip_8xx.a(i2c_common_8xx.o)
 .debug_macro   0x00003fe9      0x1e0 /home/donald/Documents/MCUXpresso_10.0.0_344/workspace/lpc_chip_8xx/Debug/liblpc_chip_8xx.a(i2cm_8xx.o)
 .debug_macro   0x000041c9      0x1ec /home/donald/Documents/MCUXpresso_10.0.0_344/workspace/lpc_chip_8xx/Debug/liblpc_chip_8xx.a(swm_8xx.o)
 .debug_macro   0x000043b5      0x1ec /home/donald/Documents/MCUXpresso_10.0.0_344/workspace/lpc_chip_8xx/Debug/liblpc_chip_8xx.a(sysinit_8xx.o)
 .debug_macro   0x000045a1      0x1e0 /home/donald/Documents/MCUXpresso_10.0.0_344/workspace/lpc_chip_8xx/Debug/liblpc_chip_8xx.a(uart_8xx.o)
 .debug_macro   0x00004781      0x1e0 /home/donald/Documents/MCUXpresso_10.0.0_344/workspace/lpc_chip_8xx/Debug/liblpc_chip_8xx.a(irc_8xx.o)
 .debug_macro   0x00004961      0x1f8 /home/donald/Documents/MCUXpresso_10.0.0_344/workspace/lpc_chip_8xx/Debug/liblpc_chip_8xx.a(syscon_8xx.o)

.debug_line     0x00000000     0x4717
 .debug_line    0x00000000      0x4d8 ./src/SleepyZzz.o
 .debug_line    0x000004d8       0xb9 ./src/cr_startup_lpc8xx.o
 .debug_line    0x00000591       0x79 ./src/crp.o
 .debug_line    0x0000060a      0x4c3 ./src/i2c.o
 .debug_line    0x00000acd      0x12a ./src/lcd.o
 .debug_line    0x00000bf7       0x96 ./src/mtb.o
 .debug_line    0x00000c8d      0x3fd ./src/sysinit.o
 .debug_line    0x0000108a      0x656 /home/donald/Documents/MCUXpresso_10.0.0_344/workspace/lpc_board_lpc812max/Debug/liblpc_board_lpc812max.a(board.o)
 .debug_line    0x000016e0      0x45a /home/donald/Documents/MCUXpresso_10.0.0_344/workspace/lpc_board_lpc812max/Debug/liblpc_board_lpc812max.a(board_sysinit.o)
 .debug_line    0x00001b3a      0x38a /home/donald/Documents/MCUXpresso_10.0.0_344/workspace/lpc_chip_8xx/Debug/liblpc_chip_8xx.a(chip_8xx.o)
 .debug_line    0x00001ec4      0x5da /home/donald/Documents/MCUXpresso_10.0.0_344/workspace/lpc_chip_8xx/Debug/liblpc_chip_8xx.a(clock_8xx.o)
 .debug_line    0x0000249e      0x3c3 /home/donald/Documents/MCUXpresso_10.0.0_344/workspace/lpc_chip_8xx/Debug/liblpc_chip_8xx.a(gpio_8xx.o)
 .debug_line    0x00002861      0x437 /home/donald/Documents/MCUXpresso_10.0.0_344/workspace/lpc_chip_8xx/Debug/liblpc_chip_8xx.a(i2c_common_8xx.o)
 .debug_line    0x00002c98      0x4dc /home/donald/Documents/MCUXpresso_10.0.0_344/workspace/lpc_chip_8xx/Debug/liblpc_chip_8xx.a(i2cm_8xx.o)
 .debug_line    0x00003174      0x3ca /home/donald/Documents/MCUXpresso_10.0.0_344/workspace/lpc_chip_8xx/Debug/liblpc_chip_8xx.a(swm_8xx.o)
 .debug_line    0x0000353e      0x412 /home/donald/Documents/MCUXpresso_10.0.0_344/workspace/lpc_chip_8xx/Debug/liblpc_chip_8xx.a(sysinit_8xx.o)
 .debug_line    0x00003950      0x5ae /home/donald/Documents/MCUXpresso_10.0.0_344/workspace/lpc_chip_8xx/Debug/liblpc_chip_8xx.a(uart_8xx.o)
 .debug_line    0x00003efe      0x452 /home/donald/Documents/MCUXpresso_10.0.0_344/workspace/lpc_chip_8xx/Debug/liblpc_chip_8xx.a(irc_8xx.o)
 .debug_line    0x00004350      0x3c7 /home/donald/Documents/MCUXpresso_10.0.0_344/workspace/lpc_chip_8xx/Debug/liblpc_chip_8xx.a(syscon_8xx.o)

.debug_str      0x00000000     0xcdb8
 .debug_str     0x00000000     0xa3e0 ./src/SleepyZzz.o
                               0xa498 (size before relaxing)
 .debug_str     0x0000a3e0      0x167 ./src/cr_startup_lpc8xx.o
                               0x2534 (size before relaxing)
 .debug_str     0x0000a547       0xe9 ./src/crp.o
                               0x2497 (size before relaxing)
 .debug_str     0x0000a630      0x83a ./src/i2c.o
                               0xa579 (size before relaxing)
 .debug_str     0x0000ae6a       0x60 ./src/lcd.o
                               0x3aea (size before relaxing)
 .debug_str     0x0000aeca       0xd0 ./src/mtb.o
                               0x28c8 (size before relaxing)
 .debug_str     0x0000af9a       0x11 ./src/sysinit.o
                               0x9ccf (size before relaxing)
 .debug_str     0x0000afab      0x470 /home/donald/Documents/MCUXpresso_10.0.0_344/workspace/lpc_board_lpc812max/Debug/liblpc_board_lpc812max.a(board.o)
                               0xa6ba (size before relaxing)
 .debug_str     0x0000b41b      0x24b /home/donald/Documents/MCUXpresso_10.0.0_344/workspace/lpc_board_lpc812max/Debug/liblpc_board_lpc812max.a(board_sysinit.o)
                               0xa345 (size before relaxing)
 .debug_str     0x0000b666       0x72 /home/donald/Documents/MCUXpresso_10.0.0_344/workspace/lpc_chip_8xx/Debug/liblpc_chip_8xx.a(chip_8xx.o)
                               0x99b4 (size before relaxing)
 .debug_str     0x0000b6d8      0x746 /home/donald/Documents/MCUXpresso_10.0.0_344/workspace/lpc_chip_8xx/Debug/liblpc_chip_8xx.a(clock_8xx.o)
                               0xa380 (size before relaxing)
 .debug_str     0x0000be1e       0x32 /home/donald/Documents/MCUXpresso_10.0.0_344/workspace/lpc_chip_8xx/Debug/liblpc_chip_8xx.a(gpio_8xx.o)
                               0x9e2e (size before relaxing)
 .debug_str     0x0000be50       0x54 /home/donald/Documents/MCUXpresso_10.0.0_344/workspace/lpc_chip_8xx/Debug/liblpc_chip_8xx.a(i2c_common_8xx.o)
                               0x9fc7 (size before relaxing)
 .debug_str     0x0000bea4      0x163 /home/donald/Documents/MCUXpresso_10.0.0_344/workspace/lpc_chip_8xx/Debug/liblpc_chip_8xx.a(i2cm_8xx.o)
                               0x9bc2 (size before relaxing)
 .debug_str     0x0000c007       0xed /home/donald/Documents/MCUXpresso_10.0.0_344/workspace/lpc_chip_8xx/Debug/liblpc_chip_8xx.a(swm_8xx.o)
                               0x9d8d (size before relaxing)
 .debug_str     0x0000c0f4      0x161 /home/donald/Documents/MCUXpresso_10.0.0_344/workspace/lpc_chip_8xx/Debug/liblpc_chip_8xx.a(sysinit_8xx.o)
                               0x9de8 (size before relaxing)
 .debug_str     0x0000c255      0x1f3 /home/donald/Documents/MCUXpresso_10.0.0_344/workspace/lpc_chip_8xx/Debug/liblpc_chip_8xx.a(uart_8xx.o)
                               0xa153 (size before relaxing)
 .debug_str     0x0000c448      0x85c /home/donald/Documents/MCUXpresso_10.0.0_344/workspace/lpc_chip_8xx/Debug/liblpc_chip_8xx.a(irc_8xx.o)
                               0xa5f4 (size before relaxing)
 .debug_str     0x0000cca4      0x114 /home/donald/Documents/MCUXpresso_10.0.0_344/workspace/lpc_chip_8xx/Debug/liblpc_chip_8xx.a(syscon_8xx.o)
                               0x9ca4 (size before relaxing)

.comment        0x00000000       0x6e
 .comment       0x00000000       0x6e ./src/SleepyZzz.o
                                 0x6f (size before relaxing)
 .comment       0x0000006e       0x6f ./src/cr_startup_lpc8xx.o
 .comment       0x0000006e       0x6f ./src/crp.o
 .comment       0x0000006e       0x6f ./src/i2c.o
 .comment       0x0000006e       0x6f ./src/lcd.o
 .comment       0x0000006e       0x6f ./src/mtb.o
 .comment       0x0000006e       0x6f ./src/sysinit.o
 .comment       0x0000006e       0x6f /home/donald/Documents/MCUXpresso_10.0.0_344/workspace/lpc_board_lpc812max/Debug/liblpc_board_lpc812max.a(board.o)
 .comment       0x0000006e       0x6f /home/donald/Documents/MCUXpresso_10.0.0_344/workspace/lpc_board_lpc812max/Debug/liblpc_board_lpc812max.a(board_sysinit.o)
 .comment       0x0000006e       0x6f /home/donald/Documents/MCUXpresso_10.0.0_344/workspace/lpc_chip_8xx/Debug/liblpc_chip_8xx.a(chip_8xx.o)
 .comment       0x0000006e       0x6f /home/donald/Documents/MCUXpresso_10.0.0_344/workspace/lpc_chip_8xx/Debug/liblpc_chip_8xx.a(clock_8xx.o)
 .comment       0x0000006e       0x6f /home/donald/Documents/MCUXpresso_10.0.0_344/workspace/lpc_chip_8xx/Debug/liblpc_chip_8xx.a(gpio_8xx.o)
 .comment       0x0000006e       0x6f /home/donald/Documents/MCUXpresso_10.0.0_344/workspace/lpc_chip_8xx/Debug/liblpc_chip_8xx.a(i2c_common_8xx.o)
 .comment       0x0000006e       0x6f /home/donald/Documents/MCUXpresso_10.0.0_344/workspace/lpc_chip_8xx/Debug/liblpc_chip_8xx.a(i2cm_8xx.o)
 .comment       0x0000006e       0x6f /home/donald/Documents/MCUXpresso_10.0.0_344/workspace/lpc_chip_8xx/Debug/liblpc_chip_8xx.a(swm_8xx.o)
 .comment       0x0000006e       0x6f /home/donald/Documents/MCUXpresso_10.0.0_344/workspace/lpc_chip_8xx/Debug/liblpc_chip_8xx.a(sysinit_8xx.o)
 .comment       0x0000006e       0x6f /home/donald/Documents/MCUXpresso_10.0.0_344/workspace/lpc_chip_8xx/Debug/liblpc_chip_8xx.a(uart_8xx.o)
 .comment       0x0000006e       0x6f /home/donald/Documents/MCUXpresso_10.0.0_344/workspace/lpc_chip_8xx/Debug/liblpc_chip_8xx.a(irc_8xx.o)
 .comment       0x0000006e       0x6f /home/donald/Documents/MCUXpresso_10.0.0_344/workspace/lpc_chip_8xx/Debug/liblpc_chip_8xx.a(syscon_8xx.o)
 .comment       0x0000006e       0x6f /usr/local/mcuxpressoide-10.0.0_344/ide/tools/bin/../lib/gcc/arm-none-eabi/5.4.1/../../../../arm-none-eabi/lib/armv6-m/libcr_c.a(__weak__main.o)

.ARM.attributes
                0x00000000       0x2f
 .ARM.attributes
                0x00000000       0x31 ./src/SleepyZzz.o
 .ARM.attributes
                0x00000031       0x31 ./src/cr_startup_lpc8xx.o
 .ARM.attributes
                0x00000062       0x31 ./src/crp.o
 .ARM.attributes
                0x00000093       0x31 ./src/i2c.o
 .ARM.attributes
                0x000000c4       0x31 ./src/lcd.o
 .ARM.attributes
                0x000000f5       0x31 ./src/mtb.o
 .ARM.attributes
                0x00000126       0x31 ./src/sysinit.o
 .ARM.attributes
                0x00000157       0x31 /home/donald/Documents/MCUXpresso_10.0.0_344/workspace/lpc_board_lpc812max/Debug/liblpc_board_lpc812max.a(board.o)
 .ARM.attributes
                0x00000188       0x31 /home/donald/Documents/MCUXpresso_10.0.0_344/workspace/lpc_board_lpc812max/Debug/liblpc_board_lpc812max.a(board_sysinit.o)
 .ARM.attributes
                0x000001b9       0x31 /home/donald/Documents/MCUXpresso_10.0.0_344/workspace/lpc_chip_8xx/Debug/liblpc_chip_8xx.a(chip_8xx.o)
 .ARM.attributes
                0x000001ea       0x31 /home/donald/Documents/MCUXpresso_10.0.0_344/workspace/lpc_chip_8xx/Debug/liblpc_chip_8xx.a(clock_8xx.o)
 .ARM.attributes
                0x0000021b       0x31 /home/donald/Documents/MCUXpresso_10.0.0_344/workspace/lpc_chip_8xx/Debug/liblpc_chip_8xx.a(gpio_8xx.o)
 .ARM.attributes
                0x0000024c       0x31 /home/donald/Documents/MCUXpresso_10.0.0_344/workspace/lpc_chip_8xx/Debug/liblpc_chip_8xx.a(i2c_common_8xx.o)
 .ARM.attributes
                0x0000027d       0x31 /home/donald/Documents/MCUXpresso_10.0.0_344/workspace/lpc_chip_8xx/Debug/liblpc_chip_8xx.a(i2cm_8xx.o)
 .ARM.attributes
                0x000002ae       0x31 /home/donald/Documents/MCUXpresso_10.0.0_344/workspace/lpc_chip_8xx/Debug/liblpc_chip_8xx.a(swm_8xx.o)
 .ARM.attributes
                0x000002df       0x31 /home/donald/Documents/MCUXpresso_10.0.0_344/workspace/lpc_chip_8xx/Debug/liblpc_chip_8xx.a(sysinit_8xx.o)
 .ARM.attributes
                0x00000310       0x31 /home/donald/Documents/MCUXpresso_10.0.0_344/workspace/lpc_chip_8xx/Debug/liblpc_chip_8xx.a(uart_8xx.o)
 .ARM.attributes
                0x00000341       0x31 /home/donald/Documents/MCUXpresso_10.0.0_344/workspace/lpc_chip_8xx/Debug/liblpc_chip_8xx.a(irc_8xx.o)
 .ARM.attributes
                0x00000372       0x31 /home/donald/Documents/MCUXpresso_10.0.0_344/workspace/lpc_chip_8xx/Debug/liblpc_chip_8xx.a(syscon_8xx.o)
 .ARM.attributes
                0x000003a3       0x31 /usr/local/mcuxpressoide-10.0.0_344/ide/tools/bin/../lib/gcc/arm-none-eabi/5.4.1/../../../../arm-none-eabi/lib/armv6-m/libcr_c.a(__weak__main.o)
 .ARM.attributes
                0x000003d4       0x21 /usr/local/mcuxpressoide-10.0.0_344/ide/tools/bin/../lib/gcc/arm-none-eabi/5.4.1/armv6-m/libcr_eabihelpers.a(division_32.o)
 .ARM.attributes
                0x000003f5       0x21 /usr/local/mcuxpressoide-10.0.0_344/ide/tools/bin/../lib/gcc/arm-none-eabi/5.4.1/armv6-m/libcr_eabihelpers.a(division_64.o)
 .ARM.attributes
                0x00000416       0x21 /usr/local/mcuxpressoide-10.0.0_344/ide/tools/bin/../lib/gcc/arm-none-eabi/5.4.1/armv6-m/libcr_eabihelpers.a(division_idiv0.o)

.debug_frame    0x00000000     0x144c
 .debug_frame   0x00000000       0xac ./src/SleepyZzz.o
 .debug_frame   0x000000ac      0x118 ./src/cr_startup_lpc8xx.o
 .debug_frame   0x000001c4      0x124 ./src/i2c.o
 .debug_frame   0x000002e8       0x68 ./src/lcd.o
 .debug_frame   0x00000350       0x2c ./src/sysinit.o
 .debug_frame   0x0000037c      0x304 /home/donald/Documents/MCUXpresso_10.0.0_344/workspace/lpc_board_lpc812max/Debug/liblpc_board_lpc812max.a(board.o)
 .debug_frame   0x00000680       0xa4 /home/donald/Documents/MCUXpresso_10.0.0_344/workspace/lpc_board_lpc812max/Debug/liblpc_board_lpc812max.a(board_sysinit.o)
 .debug_frame   0x00000724       0x2c /home/donald/Documents/MCUXpresso_10.0.0_344/workspace/lpc_chip_8xx/Debug/liblpc_chip_8xx.a(chip_8xx.o)
 .debug_frame   0x00000750      0x354 /home/donald/Documents/MCUXpresso_10.0.0_344/workspace/lpc_chip_8xx/Debug/liblpc_chip_8xx.a(clock_8xx.o)
 .debug_frame   0x00000aa4       0x90 /home/donald/Documents/MCUXpresso_10.0.0_344/workspace/lpc_chip_8xx/Debug/liblpc_chip_8xx.a(gpio_8xx.o)
 .debug_frame   0x00000b34      0x130 /home/donald/Documents/MCUXpresso_10.0.0_344/workspace/lpc_chip_8xx/Debug/liblpc_chip_8xx.a(i2c_common_8xx.o)
 .debug_frame   0x00000c64      0x1d0 /home/donald/Documents/MCUXpresso_10.0.0_344/workspace/lpc_chip_8xx/Debug/liblpc_chip_8xx.a(i2cm_8xx.o)
 .debug_frame   0x00000e34       0x90 /home/donald/Documents/MCUXpresso_10.0.0_344/workspace/lpc_chip_8xx/Debug/liblpc_chip_8xx.a(swm_8xx.o)
 .debug_frame   0x00000ec4       0xe0 /home/donald/Documents/MCUXpresso_10.0.0_344/workspace/lpc_chip_8xx/Debug/liblpc_chip_8xx.a(sysinit_8xx.o)
 .debug_frame   0x00000fa4      0x310 /home/donald/Documents/MCUXpresso_10.0.0_344/workspace/lpc_chip_8xx/Debug/liblpc_chip_8xx.a(uart_8xx.o)
 .debug_frame   0x000012b4      0x108 /home/donald/Documents/MCUXpresso_10.0.0_344/workspace/lpc_chip_8xx/Debug/liblpc_chip_8xx.a(irc_8xx.o)
 .debug_frame   0x000013bc       0x90 /home/donald/Documents/MCUXpresso_10.0.0_344/workspace/lpc_chip_8xx/Debug/liblpc_chip_8xx.a(syscon_8xx.o)
